<html>
<body>
<pre>
<h1>礦ision Build Log</h1>
<h2>Tool Versions:</h2>
IDE-Version: μVision V5.12.0.0
Copyright (C) 2014 ARM Ltd and ARM Germany GmbH. All rights reserved.
License Information: wjk user, china, LIC=LJWII-TN64K-8X3UZ-JYFBJ-9UMXM-Y849Y
 
Tool Versions:
Toolchain:       MDK-ARM Professional  Version: 5.12.0.0
Middleware:      RL-ARM Real-Time Library Version V4.00
Toolchain Path:  d:\Keil_v5\ARM\ARMCC\Bin
C Compiler:      Armcc.exe V5.05 (build 41)
Assembler:       Armasm.exe V5.05 (build 41)
Linker/Locator:  ArmLink.exe V5.05 (build 41)
Library Manager: ArmAr.exe V5.05 (build 41)
Hex Converter:   FromElf.exe V5.05 (build 41)
CPU DLL:         SARMCM3.DLL V5.12.0.0
Dialog DLL:      DARMCM1.DLL V1.11.00.0
    Target DLL: STLink\ST-LINKIII-KEIL_SWO.dll
Dialog DLL:      TARMCM1.DLL V1.08.00.0
 
<h2>Project:</h2>
C:\Users\Administrator\Desktop\2016 2.5 ADSP9960驱动程序（stm32f0c8）\STM32F0 Template.uvprojx
Project File Date:  02/05/2016

<h2>Output:</h2>
Build target 'Target 1'
assembling startup_stm32f030.s...
compiling system_stm32f0xx.c...
compiling stm32f0xx_it.c...
compiling gesture.c...
compiling stm32f0xx_rcc.c...
compiling stm32f0xx_exti.c...
compiling stm32f0xx_gpio.c...
compiling stm32f0xx_i2c.c...
compiling stm32f0xx_syscfg.c...
compiling stm32f0xx_usart.c...
compiling stm32f0xx_misc.c...
compiling stm32f0xx_pwr.c...
compiling uart.c...
compiling ADSP9960_platform.c...
compiling SparkFun_ADSP9960.c...
ADSP9960\SparkFun_ADSP9960.c(219): warning:  #186-D: pointless comparison of unsigned integer with zero
      if((mode >= 0)&&(mode <= 6)) {
ADSP9960\SparkFun_ADSP9960.c(484): warning:  #514-D: pointless comparison of unsigned integer with a negative constant
                  if( bytes_read == -1 ) {
ADSP9960\SparkFun_ADSP9960.c: 2 warnings, 0 errors
linking...
Program Size: Code=12900 RO-data=212 RW-data=76 ZI-data=1764  
FromELF: creating hex file...
".\Objects\template.axf" - 0 Error(s), 2 Warning(s).

<h2>Collection of Component include folders:</h2>
  C:\Users\Administrator\Desktop\2016 2.5 ADSP9960驱动程序（stm32f0c8）\RTE
  d:\Keil_v5\ARM\PACK\Keil\STM32F0xx_DFP\1.4.0\Device\Include

<h2>Collection of Component Files used:</h2>
</pre>
</body>
</html>
