Component: ARM Compiler 5.05 (build 41) Tool: armlink [4d0eb9]

==============================================================================

Section Cross References

    startup_stm32f030.o(STACK) refers (Special) to heapauxi.o(.text) for __use_two_region_memory
    startup_stm32f030.o(HEAP) refers (Special) to heapauxi.o(.text) for __use_two_region_memory
    startup_stm32f030.o(RESET) refers (Special) to heapauxi.o(.text) for __use_two_region_memory
    startup_stm32f030.o(RESET) refers to startup_stm32f030.o(STACK) for __initial_sp
    startup_stm32f030.o(RESET) refers to startup_stm32f030.o(.text) for Reset_Handler
    startup_stm32f030.o(RESET) refers to stm32f0xx_it.o(.text) for NMI_Handler
    startup_stm32f030.o(.text) refers (Special) to heapauxi.o(.text) for __use_two_region_memory
    startup_stm32f030.o(.text) refers to system_stm32f0xx.o(.text) for SystemInit
    startup_stm32f030.o(.text) refers to __main.o(!!!main) for __main
    startup_stm32f030.o(.text) refers to startup_stm32f030.o(HEAP) for Heap_Mem
    startup_stm32f030.o(.text) refers to startup_stm32f030.o(STACK) for Stack_Mem
    system_stm32f0xx.o(.text) refers to aeabi_sdiv.o(.text) for __aeabi_uidivmod
    system_stm32f0xx.o(.text) refers to system_stm32f0xx.o(.data) for SystemCoreClock
    stm32f0xx_it.o(.text) refers to stm32f0xx_exti.o(.text) for EXTI_GetITStatus
    stm32f0xx_it.o(.text) refers to gesture.o(.data) for isr_flag
    gesture.o(.text) refers to stm32f0xx_rcc.o(.text) for RCC_AHBPeriphClockCmd
    gesture.o(.text) refers to stm32f0xx_gpio.o(.text) for GPIO_Init
    gesture.o(.text) refers to stm32f0xx_syscfg.o(.text) for SYSCFG_EXTILineConfig
    gesture.o(.text) refers to stm32f0xx_exti.o(.text) for EXTI_Init
    gesture.o(.text) refers to stm32f0xx_misc.o(.text) for NVIC_Init
    gesture.o(.text) refers to sparkfun_adsp9960.o(.text) for isGestureAvailable
    gesture.o(.text) refers to gesture.o(i.__ARM_common_switch8) for __ARM_common_switch8
    gesture.o(.text) refers to uart.o(.text) for Uart_Puts
    gesture.o(.text) refers to adsp9960_platform.o(.text) for APDS9960_i2c_Init
    gesture.o(.text) refers to gesture.o(.data) for isr_flag
    stm32f0xx_rcc.o(.text) refers to aeabi_sdiv.o(.text) for __aeabi_uidivmod
    stm32f0xx_rcc.o(.text) refers to stm32f0xx_rcc.o(.data) for APBAHBPrescTable
    stm32f0xx_gpio.o(.text) refers to stm32f0xx_rcc.o(.text) for RCC_AHBPeriphResetCmd
    stm32f0xx_i2c.o(.text) refers to stm32f0xx_rcc.o(.text) for RCC_APB1PeriphResetCmd
    stm32f0xx_usart.o(.text) refers to stm32f0xx_rcc.o(.text) for RCC_APB2PeriphResetCmd
    stm32f0xx_usart.o(.text) refers to aeabi_sdiv.o(.text) for __aeabi_uidivmod
    stm32f0xx_pwr.o(.text) refers to stm32f0xx_rcc.o(.text) for RCC_APB1PeriphResetCmd
    uart.o(.text) refers to stm32f0xx_misc.o(.text) for NVIC_Init
    uart.o(.text) refers to stm32f0xx_rcc.o(.text) for RCC_AHBPeriphClockCmd
    uart.o(.text) refers to stm32f0xx_gpio.o(.text) for GPIO_PinAFConfig
    uart.o(.text) refers to stm32f0xx_usart.o(.text) for USART_Init
    adsp9960_platform.o(.text) refers to stm32f0xx_i2c.o(.text) for I2C_Cmd
    adsp9960_platform.o(.text) refers to stm32f0xx_rcc.o(.text) for RCC_APB1PeriphClockCmd
    adsp9960_platform.o(.text) refers to stm32f0xx_gpio.o(.text) for GPIO_Init
    adsp9960_platform.o(.text) refers to uart.o(.text) for Uart_Puts
    adsp9960_platform.o(.text) refers to adsp9960_platform.o(.data) for APDS9960_Timeout
    sparkfun_adsp9960.o(.text) refers to adsp9960_platform.o(.text) for wireReadDataByte
    sparkfun_adsp9960.o(.text) refers to aeabi_sdiv.o(.text) for __aeabi_idivmod
    sparkfun_adsp9960.o(.text) refers to sparkfun_adsp9960.o(.bss) for gesture_data_
    sparkfun_adsp9960.o(.text) refers to sparkfun_adsp9960.o(.data) for gesture_ud_delta_
    __main.o(!!!main) refers to __rtentry.o(.ARM.Collect$$rtentry$$00000000) for __rt_entry
    __rtentry.o(.ARM.Collect$$rtentry$$00000000) refers (Special) to __rtentry2.o(.ARM.Collect$$rtentry$$0000000A) for __rt_entry_li
    __rtentry.o(.ARM.Collect$$rtentry$$00000000) refers (Special) to __rtentry2.o(.ARM.Collect$$rtentry$$0000000D) for __rt_entry_main
    __rtentry.o(.ARM.Collect$$rtentry$$00000000) refers (Special) to __rtentry2.o(.ARM.Collect$$rtentry$$0000000C) for __rt_entry_postli_1
    __rtentry.o(.ARM.Collect$$rtentry$$00000000) refers (Special) to __rtentry2.o(.ARM.Collect$$rtentry$$00000009) for __rt_entry_postsh_1
    __rtentry.o(.ARM.Collect$$rtentry$$00000000) refers (Special) to __rtentry2.o(.ARM.Collect$$rtentry$$00000002) for __rt_entry_presh_1
    __rtentry.o(.ARM.Collect$$rtentry$$00000000) refers (Special) to __rtentry4.o(.ARM.Collect$$rtentry$$00000004) for __rt_entry_sh
    aeabi_idiv0_sigfpe.o(.text) refers to rt_div0.o(.text) for __rt_div0
    __rtentry2.o(.ARM.Collect$$rtentry$$00000008) refers to boardinit2.o(.text) for _platform_post_stackheap_init
    __rtentry2.o(.ARM.Collect$$rtentry$$0000000A) refers to libinit.o(.ARM.Collect$$libinit$$00000000) for __rt_lib_init
    __rtentry2.o(.ARM.Collect$$rtentry$$0000000B) refers to boardinit3.o(.text) for _platform_post_lib_init
    __rtentry2.o(.ARM.Collect$$rtentry$$0000000D) refers to gesture.o(.text) for main
    __rtentry2.o(.ARM.Collect$$rtentry$$0000000D) refers to exit.o(.text) for exit
    __rtentry2.o(.ARM.exidx) refers to __rtentry2.o(.ARM.Collect$$rtentry$$00000001) for .ARM.Collect$$rtentry$$00000001
    __rtentry2.o(.ARM.exidx) refers to __rtentry2.o(.ARM.Collect$$rtentry$$00000008) for .ARM.Collect$$rtentry$$00000008
    __rtentry2.o(.ARM.exidx) refers to __rtentry2.o(.ARM.Collect$$rtentry$$0000000A) for .ARM.Collect$$rtentry$$0000000A
    __rtentry2.o(.ARM.exidx) refers to __rtentry2.o(.ARM.Collect$$rtentry$$0000000B) for .ARM.Collect$$rtentry$$0000000B
    __rtentry2.o(.ARM.exidx) refers to __rtentry2.o(.ARM.Collect$$rtentry$$0000000D) for .ARM.Collect$$rtentry$$0000000D
    __rtentry4.o(.ARM.Collect$$rtentry$$00000004) refers to sys_stackheap_outer.o(.text) for __user_setup_stackheap
    __rtentry4.o(.ARM.exidx) refers to __rtentry4.o(.ARM.Collect$$rtentry$$00000004) for .ARM.Collect$$rtentry$$00000004
    rt_div0.o(.text) refers to defsig_fpe_outer.o(.text) for __rt_SIGFPE
    sys_stackheap_outer.o(.text) refers to libspace.o(.text) for __user_perproc_libspace
    sys_stackheap_outer.o(.text) refers to startup_stm32f030.o(.text) for __user_initial_stackheap
    sys_stackheap_outer.o(__vectab_stack_and_reset_area) refers to tempstk.o(.text) for __temporary_stack_top
    sys_stackheap_outer.o(__vectab_stack_and_reset_area) refers to __main.o(!!!main) for __main
    exit.o(.text) refers to rtexit.o(.ARM.Collect$$rtexit$$00000000) for __rt_exit
    defsig_fpe_outer.o(.text) refers to defsig_fpe_inner.o(.text) for __rt_SIGFPE_inner
    defsig_fpe_outer.o(.text) refers to defsig_exit.o(.text) for __sig_exit
    defsig_fpe_formal.o(.text) refers to rt_raise.o(.text) for __rt_raise
    libinit.o(.ARM.Collect$$libinit$$00000000) refers (Special) to libinit2.o(.ARM.Collect$$libinit$$0000002E) for __rt_lib_init_alloca_1
    libinit.o(.ARM.Collect$$libinit$$00000000) refers (Special) to libinit2.o(.ARM.Collect$$libinit$$0000002C) for __rt_lib_init_argv_1
    libinit.o(.ARM.Collect$$libinit$$00000000) refers (Special) to libinit2.o(.ARM.Collect$$libinit$$0000001B) for __rt_lib_init_atexit_1
    libinit.o(.ARM.Collect$$libinit$$00000000) refers (Special) to libinit2.o(.ARM.Collect$$libinit$$00000021) for __rt_lib_init_clock_1
    libinit.o(.ARM.Collect$$libinit$$00000000) refers (Special) to libinit2.o(.ARM.Collect$$libinit$$00000032) for __rt_lib_init_cpp_1
    libinit.o(.ARM.Collect$$libinit$$00000000) refers (Special) to libinit2.o(.ARM.Collect$$libinit$$00000030) for __rt_lib_init_exceptions_1
    libinit.o(.ARM.Collect$$libinit$$00000000) refers (Special) to libinit2.o(.ARM.Collect$$libinit$$00000002) for __rt_lib_init_fp_1
    libinit.o(.ARM.Collect$$libinit$$00000000) refers (Special) to libinit2.o(.ARM.Collect$$libinit$$0000001F) for __rt_lib_init_fp_trap_1
    libinit.o(.ARM.Collect$$libinit$$00000000) refers (Special) to libinit2.o(.ARM.Collect$$libinit$$00000023) for __rt_lib_init_getenv_1
    libinit.o(.ARM.Collect$$libinit$$00000000) refers (Special) to libinit2.o(.ARM.Collect$$libinit$$0000000A) for __rt_lib_init_heap_1
    libinit.o(.ARM.Collect$$libinit$$00000000) refers (Special) to libinit2.o(.ARM.Collect$$libinit$$00000011) for __rt_lib_init_lc_collate_1
    libinit.o(.ARM.Collect$$libinit$$00000000) refers (Special) to libinit2.o(.ARM.Collect$$libinit$$00000013) for __rt_lib_init_lc_ctype_1
    libinit.o(.ARM.Collect$$libinit$$00000000) refers (Special) to libinit2.o(.ARM.Collect$$libinit$$00000015) for __rt_lib_init_lc_monetary_1
    libinit.o(.ARM.Collect$$libinit$$00000000) refers (Special) to libinit2.o(.ARM.Collect$$libinit$$00000017) for __rt_lib_init_lc_numeric_1
    libinit.o(.ARM.Collect$$libinit$$00000000) refers (Special) to libinit2.o(.ARM.Collect$$libinit$$00000019) for __rt_lib_init_lc_time_1
    libinit.o(.ARM.Collect$$libinit$$00000000) refers (Special) to libinit2.o(.ARM.Collect$$libinit$$00000004) for __rt_lib_init_preinit_1
    libinit.o(.ARM.Collect$$libinit$$00000000) refers (Special) to libinit2.o(.ARM.Collect$$libinit$$0000000E) for __rt_lib_init_rand_1
    libinit.o(.ARM.Collect$$libinit$$00000000) refers (Special) to libinit2.o(.ARM.Collect$$libinit$$00000033) for __rt_lib_init_return
    libinit.o(.ARM.Collect$$libinit$$00000000) refers (Special) to libinit2.o(.ARM.Collect$$libinit$$0000001D) for __rt_lib_init_signal_1
    libinit.o(.ARM.Collect$$libinit$$00000000) refers (Special) to libinit2.o(.ARM.Collect$$libinit$$00000025) for __rt_lib_init_stdio_1
    libinit.o(.ARM.Collect$$libinit$$00000000) refers (Special) to libinit2.o(.ARM.Collect$$libinit$$0000000C) for __rt_lib_init_user_alloc_1
    libspace.o(.text) refers to libspace.o(.bss) for __libspace_start
    rtexit.o(.ARM.Collect$$rtexit$$00000000) refers (Special) to rtexit2.o(.ARM.Collect$$rtexit$$00000004) for __rt_exit_exit
    rtexit.o(.ARM.Collect$$rtexit$$00000000) refers (Special) to rtexit2.o(.ARM.Collect$$rtexit$$00000003) for __rt_exit_ls
    rtexit.o(.ARM.Collect$$rtexit$$00000000) refers (Special) to rtexit2.o(.ARM.Collect$$rtexit$$00000002) for __rt_exit_prels_1
    rtexit.o(.ARM.exidx) refers (Special) to rtexit2.o(.ARM.Collect$$rtexit$$00000004) for __rt_exit_exit
    rtexit.o(.ARM.exidx) refers (Special) to rtexit2.o(.ARM.Collect$$rtexit$$00000003) for __rt_exit_ls
    rtexit.o(.ARM.exidx) refers (Special) to rtexit2.o(.ARM.Collect$$rtexit$$00000002) for __rt_exit_prels_1
    rtexit.o(.ARM.exidx) refers to rtexit.o(.ARM.Collect$$rtexit$$00000000) for .ARM.Collect$$rtexit$$00000000
    rt_raise.o(.text) refers to __raise.o(.text) for __raise
    rt_raise.o(.text) refers to sys_exit.o(.text) for _sys_exit
    defsig_exit.o(.text) refers to sys_exit.o(.text) for _sys_exit
    defsig_fpe_inner.o(.text) refers to defsig_general.o(.text) for __default_signal_display
    libinit2.o(.ARM.Collect$$libinit$$00000010) refers to libinit2.o(.ARM.Collect$$libinit$$0000000F) for .ARM.Collect$$libinit$$0000000F
    libinit2.o(.ARM.Collect$$libinit$$00000012) refers to libinit2.o(.ARM.Collect$$libinit$$0000000F) for .ARM.Collect$$libinit$$0000000F
    libinit2.o(.ARM.Collect$$libinit$$00000014) refers to libinit2.o(.ARM.Collect$$libinit$$0000000F) for .ARM.Collect$$libinit$$0000000F
    libinit2.o(.ARM.Collect$$libinit$$00000016) refers to libinit2.o(.ARM.Collect$$libinit$$0000000F) for .ARM.Collect$$libinit$$0000000F
    libinit2.o(.ARM.Collect$$libinit$$00000018) refers to libinit2.o(.ARM.Collect$$libinit$$0000000F) for .ARM.Collect$$libinit$$0000000F
    libinit2.o(.ARM.Collect$$libinit$$00000026) refers to argv_veneer.o(.text) for __ARM_argv_veneer
    libinit2.o(.ARM.Collect$$libinit$$00000027) refers to argv_veneer.o(.text) for __ARM_argv_veneer
    sys_exit.o(.text) refers (Special) to use_no_semi.o(.text) for __I$use$semihosting
    sys_exit.o(.text) refers (Special) to indicate_semi.o(.text) for __semihosting_library_function
    rtexit2.o(.ARM.Collect$$rtexit$$00000003) refers to libshutdown.o(.ARM.Collect$$libshutdown$$00000000) for __rt_lib_shutdown
    rtexit2.o(.ARM.Collect$$rtexit$$00000004) refers to sys_exit.o(.text) for _sys_exit
    rtexit2.o(.ARM.exidx) refers to rtexit2.o(.ARM.Collect$$rtexit$$00000001) for .ARM.Collect$$rtexit$$00000001
    rtexit2.o(.ARM.exidx) refers to rtexit2.o(.ARM.Collect$$rtexit$$00000003) for .ARM.Collect$$rtexit$$00000003
    rtexit2.o(.ARM.exidx) refers to rtexit2.o(.ARM.Collect$$rtexit$$00000004) for .ARM.Collect$$rtexit$$00000004
    __raise.o(.text) refers to defsig.o(CL$$defsig) for __default_signal_handler
    defsig_general.o(.text) refers to sys_wrch.o(.text) for _ttywrch
    sys_wrch.o(.text) refers (Special) to use_no_semi.o(.text) for __I$use$semihosting
    sys_wrch.o(.text) refers (Special) to indicate_semi.o(.text) for __semihosting_library_function
    defsig.o(CL$$defsig) refers to defsig_fpe_inner.o(.text) for __rt_SIGFPE_inner
    defsig.o(CL$$defsig) refers to defsig_rtmem_inner.o(.text) for __rt_SIGRTMEM_inner
    _get_argv_nomalloc.o(.text) refers (Special) to hrguard.o(.text) for __heap_region$guard
    _get_argv_nomalloc.o(.text) refers to defsig_rtmem_outer.o(.text) for __rt_SIGRTMEM
    _get_argv_nomalloc.o(.text) refers to sys_command.o(.text) for _sys_command_string
    libshutdown.o(.ARM.Collect$$libshutdown$$00000000) refers (Special) to libshutdown2.o(.ARM.Collect$$libshutdown$$00000006) for __rt_lib_shutdown_fp_trap_1
    libshutdown.o(.ARM.Collect$$libshutdown$$00000000) refers (Special) to libshutdown2.o(.ARM.Collect$$libshutdown$$0000000E) for __rt_lib_shutdown_heap_1
    libshutdown.o(.ARM.Collect$$libshutdown$$00000000) refers (Special) to libshutdown2.o(.ARM.Collect$$libshutdown$$0000000F) for __rt_lib_shutdown_return
    libshutdown.o(.ARM.Collect$$libshutdown$$00000000) refers (Special) to libshutdown2.o(.ARM.Collect$$libshutdown$$00000009) for __rt_lib_shutdown_signal_1
    libshutdown.o(.ARM.Collect$$libshutdown$$00000000) refers (Special) to libshutdown2.o(.ARM.Collect$$libshutdown$$00000003) for __rt_lib_shutdown_stdio_1
    libshutdown.o(.ARM.Collect$$libshutdown$$00000000) refers (Special) to libshutdown2.o(.ARM.Collect$$libshutdown$$0000000B) for __rt_lib_shutdown_user_alloc_1
    sys_command.o(.text) refers (Special) to use_no_semi.o(.text) for __I$use$semihosting
    sys_command.o(.text) refers (Special) to indicate_semi.o(.text) for __semihosting_library_function
    defsig_abrt_inner.o(.text) refers to defsig_general.o(.text) for __default_signal_display
    defsig_rtred_inner.o(.text) refers to defsig_general.o(.text) for __default_signal_display
    defsig_rtmem_inner.o(.text) refers to defsig_general.o(.text) for __default_signal_display
    defsig_rtmem_outer.o(.text) refers to defsig_rtmem_inner.o(.text) for __rt_SIGRTMEM_inner
    defsig_rtmem_outer.o(.text) refers to defsig_exit.o(.text) for __sig_exit
    defsig_rtmem_formal.o(.text) refers to rt_raise.o(.text) for __rt_raise
    defsig_stak_inner.o(.text) refers to defsig_general.o(.text) for __default_signal_display
    defsig_pvfn_inner.o(.text) refers to defsig_general.o(.text) for __default_signal_display
    defsig_cppl_inner.o(.text) refers to defsig_general.o(.text) for __default_signal_display
    defsig_segv_inner.o(.text) refers to defsig_general.o(.text) for __default_signal_display
    defsig_other.o(.text) refers to defsig_general.o(.text) for __default_signal_display


==============================================================================

Removing Unused input sections from the image.

    Removing system_stm32f0xx.o(.rev16_text), (4 bytes).
    Removing system_stm32f0xx.o(.revsh_text), (4 bytes).
    Removing stm32f0xx_it.o(.rev16_text), (4 bytes).
    Removing stm32f0xx_it.o(.revsh_text), (4 bytes).
    Removing gesture.o(.rev16_text), (4 bytes).
    Removing gesture.o(.revsh_text), (4 bytes).
    Removing stm32f0xx_rcc.o(.rev16_text), (4 bytes).
    Removing stm32f0xx_rcc.o(.revsh_text), (4 bytes).
    Removing stm32f0xx_exti.o(.rev16_text), (4 bytes).
    Removing stm32f0xx_exti.o(.revsh_text), (4 bytes).
    Removing stm32f0xx_gpio.o(.rev16_text), (4 bytes).
    Removing stm32f0xx_gpio.o(.revsh_text), (4 bytes).
    Removing stm32f0xx_i2c.o(.rev16_text), (4 bytes).
    Removing stm32f0xx_i2c.o(.revsh_text), (4 bytes).
    Removing stm32f0xx_syscfg.o(.rev16_text), (4 bytes).
    Removing stm32f0xx_syscfg.o(.revsh_text), (4 bytes).
    Removing stm32f0xx_usart.o(.rev16_text), (4 bytes).
    Removing stm32f0xx_usart.o(.revsh_text), (4 bytes).
    Removing stm32f0xx_misc.o(.rev16_text), (4 bytes).
    Removing stm32f0xx_misc.o(.revsh_text), (4 bytes).
    Removing stm32f0xx_pwr.o(.rev16_text), (4 bytes).
    Removing stm32f0xx_pwr.o(.revsh_text), (4 bytes).
    Removing stm32f0xx_pwr.o(.text), (316 bytes).
    Removing uart.o(.rev16_text), (4 bytes).
    Removing uart.o(.revsh_text), (4 bytes).
    Removing adsp9960_platform.o(.rev16_text), (4 bytes).
    Removing adsp9960_platform.o(.revsh_text), (4 bytes).
    Removing sparkfun_adsp9960.o(.rev16_text), (4 bytes).
    Removing sparkfun_adsp9960.o(.revsh_text), (4 bytes).

29 unused section(s) (total 428 bytes) removed from the image.

==============================================================================

Image Symbol Table

    Local Symbols

    Symbol Name                              Value     Ov Type        Size  Object(Section)

    ../clib/angel/boardlib.s                 0x00000000   Number         0  boardinit1.o ABSOLUTE
    ../clib/angel/boardlib.s                 0x00000000   Number         0  boardinit2.o ABSOLUTE
    ../clib/angel/boardlib.s                 0x00000000   Number         0  boardinit3.o ABSOLUTE
    ../clib/angel/boardlib.s                 0x00000000   Number         0  boardshut.o ABSOLUTE
    ../clib/angel/handlers.s                 0x00000000   Number         0  __scatter_copy.o ABSOLUTE
    ../clib/angel/handlers.s                 0x00000000   Number         0  __scatter_zi.o ABSOLUTE
    ../clib/angel/kernel.s                   0x00000000   Number         0  rtexit.o ABSOLUTE
    ../clib/angel/kernel.s                   0x00000000   Number         0  __rtentry4.o ABSOLUTE
    ../clib/angel/kernel.s                   0x00000000   Number         0  __rtentry.o ABSOLUTE
    ../clib/angel/kernel.s                   0x00000000   Number         0  rtexit2.o ABSOLUTE
    ../clib/angel/kernel.s                   0x00000000   Number         0  __rtentry2.o ABSOLUTE
    ../clib/angel/rt.s                       0x00000000   Number         0  rt_raise.o ABSOLUTE
    ../clib/angel/rt.s                       0x00000000   Number         0  rt_div0.o ABSOLUTE
    ../clib/angel/rt.s                       0x00000000   Number         0  aeabi_idiv0_sigfpe.o ABSOLUTE
    ../clib/angel/rt.s                       0x00000000   Number         0  aeabi_idiv0.o ABSOLUTE
    ../clib/angel/scatterp.s                 0x00000000   Number         0  __scatter.o ABSOLUTE
    ../clib/angel/startup.s                  0x00000000   Number         0  __main.o ABSOLUTE
    ../clib/angel/sys.s                      0x00000000   Number         0  sys_stackheap_outer.o ABSOLUTE
    ../clib/angel/sys.s                      0x00000000   Number         0  tempstk.o ABSOLUTE
    ../clib/angel/sys.s                      0x00000000   Number         0  libspace.o ABSOLUTE
    ../clib/angel/sys.s                      0x00000000   Number         0  indicate_semi.o ABSOLUTE
    ../clib/angel/sys.s                      0x00000000   Number         0  use_no_semi.o ABSOLUTE
    ../clib/angel/sysapp.c                   0x00000000   Number         0  sys_command.o ABSOLUTE
    ../clib/angel/sysapp.c                   0x00000000   Number         0  sys_exit.o ABSOLUTE
    ../clib/angel/sysapp.c                   0x00000000   Number         0  sys_wrch.o ABSOLUTE
    ../clib/armsys.c                         0x00000000   Number         0  argv_veneer.o ABSOLUTE
    ../clib/armsys.c                         0x00000000   Number         0  no_argv.o ABSOLUTE
    ../clib/armsys.c                         0x00000000   Number         0  _get_argv_nomalloc.o ABSOLUTE
    ../clib/division.s                       0x00000000   Number         0  aeabi_sdiv_div0.o ABSOLUTE
    ../clib/division.s                       0x00000000   Number         0  aeabi_sdiv.o ABSOLUTE
    ../clib/heapalloc.c                      0x00000000   Number         0  hrguard.o ABSOLUTE
    ../clib/heapaux.c                        0x00000000   Number         0  heapauxi.o ABSOLUTE
    ../clib/libinit.s                        0x00000000   Number         0  libinit2.o ABSOLUTE
    ../clib/libinit.s                        0x00000000   Number         0  libinit.o ABSOLUTE
    ../clib/libinit.s                        0x00000000   Number         0  libshutdown.o ABSOLUTE
    ../clib/libinit.s                        0x00000000   Number         0  libshutdown2.o ABSOLUTE
    ../clib/signal.c                         0x00000000   Number         0  defsig_rtmem_formal.o ABSOLUTE
    ../clib/signal.c                         0x00000000   Number         0  defsig_rtmem_outer.o ABSOLUTE
    ../clib/signal.c                         0x00000000   Number         0  defsig_fpe_outer.o ABSOLUTE
    ../clib/signal.c                         0x00000000   Number         0  defsig_general.o ABSOLUTE
    ../clib/signal.c                         0x00000000   Number         0  __raise.o ABSOLUTE
    ../clib/signal.c                         0x00000000   Number         0  defsig_rtmem_inner.o ABSOLUTE
    ../clib/signal.c                         0x00000000   Number         0  defsig_exit.o ABSOLUTE
    ../clib/signal.c                         0x00000000   Number         0  defsig_fpe_inner.o ABSOLUTE
    ../clib/signal.c                         0x00000000   Number         0  defsig_pvfn_inner.o ABSOLUTE
    ../clib/signal.c                         0x00000000   Number         0  defsig_stak_inner.o ABSOLUTE
    ../clib/signal.c                         0x00000000   Number         0  defsig_fpe_formal.o ABSOLUTE
    ../clib/signal.c                         0x00000000   Number         0  defsig_cppl_inner.o ABSOLUTE
    ../clib/signal.c                         0x00000000   Number         0  defsig_segv_inner.o ABSOLUTE
    ../clib/signal.c                         0x00000000   Number         0  defsig_other.o ABSOLUTE
    ../clib/signal.c                         0x00000000   Number         0  defsig_abrt_inner.o ABSOLUTE
    ../clib/signal.c                         0x00000000   Number         0  defsig_rtred_inner.o ABSOLUTE
    ../clib/signal.s                         0x00000000   Number         0  defsig.o ABSOLUTE
    ../clib/stdlib.c                         0x00000000   Number         0  exit.o ABSOLUTE
    ../fplib/cfplib/fpinit.c                 0x00000000   Number         0  fpinit.o ABSOLUTE
    ADSP9960\ADSP9960_platform.c             0x00000000   Number         0  adsp9960_platform.o ABSOLUTE
    ADSP9960\SparkFun_ADSP9960.c             0x00000000   Number         0  sparkfun_adsp9960.o ABSOLUTE
    ADSP9960\\ADSP9960_platform.c            0x00000000   Number         0  adsp9960_platform.o ABSOLUTE
    ADSP9960\\SparkFun_ADSP9960.c            0x00000000   Number         0  sparkfun_adsp9960.o ABSOLUTE
    Library\CMSIS\Device\ST\STM32F0xx\Source\Templates\arm\startup_stm32f030.s 0x00000000   Number         0  startup_stm32f030.o ABSOLUTE
    Library\STM32F0xx_StdPeriph_Driver\src\stm32f0xx_exti.c 0x00000000   Number         0  stm32f0xx_exti.o ABSOLUTE
    Library\STM32F0xx_StdPeriph_Driver\src\stm32f0xx_gpio.c 0x00000000   Number         0  stm32f0xx_gpio.o ABSOLUTE
    Library\STM32F0xx_StdPeriph_Driver\src\stm32f0xx_i2c.c 0x00000000   Number         0  stm32f0xx_i2c.o ABSOLUTE
    Library\STM32F0xx_StdPeriph_Driver\src\stm32f0xx_misc.c 0x00000000   Number         0  stm32f0xx_misc.o ABSOLUTE
    Library\STM32F0xx_StdPeriph_Driver\src\stm32f0xx_pwr.c 0x00000000   Number         0  stm32f0xx_pwr.o ABSOLUTE
    Library\STM32F0xx_StdPeriph_Driver\src\stm32f0xx_rcc.c 0x00000000   Number         0  stm32f0xx_rcc.o ABSOLUTE
    Library\STM32F0xx_StdPeriph_Driver\src\stm32f0xx_syscfg.c 0x00000000   Number         0  stm32f0xx_syscfg.o ABSOLUTE
    Library\STM32F0xx_StdPeriph_Driver\src\stm32f0xx_usart.c 0x00000000   Number         0  stm32f0xx_usart.o ABSOLUTE
    Library\\STM32F0xx_StdPeriph_Driver\\src\\stm32f0xx_exti.c 0x00000000   Number         0  stm32f0xx_exti.o ABSOLUTE
    Library\\STM32F0xx_StdPeriph_Driver\\src\\stm32f0xx_gpio.c 0x00000000   Number         0  stm32f0xx_gpio.o ABSOLUTE
    Library\\STM32F0xx_StdPeriph_Driver\\src\\stm32f0xx_i2c.c 0x00000000   Number         0  stm32f0xx_i2c.o ABSOLUTE
    Library\\STM32F0xx_StdPeriph_Driver\\src\\stm32f0xx_misc.c 0x00000000   Number         0  stm32f0xx_misc.o ABSOLUTE
    Library\\STM32F0xx_StdPeriph_Driver\\src\\stm32f0xx_pwr.c 0x00000000   Number         0  stm32f0xx_pwr.o ABSOLUTE
    Library\\STM32F0xx_StdPeriph_Driver\\src\\stm32f0xx_rcc.c 0x00000000   Number         0  stm32f0xx_rcc.o ABSOLUTE
    Library\\STM32F0xx_StdPeriph_Driver\\src\\stm32f0xx_syscfg.c 0x00000000   Number         0  stm32f0xx_syscfg.o ABSOLUTE
    Library\\STM32F0xx_StdPeriph_Driver\\src\\stm32f0xx_usart.c 0x00000000   Number         0  stm32f0xx_usart.o ABSOLUTE
    User\\gesture.c                          0x00000000   Number         0  gesture.o ABSOLUTE
    User\\stm32f0xx_it.c                     0x00000000   Number         0  stm32f0xx_it.o ABSOLUTE
    User\\system_stm32f0xx.c                 0x00000000   Number         0  system_stm32f0xx.o ABSOLUTE
    User\gesture.c                           0x00000000   Number         0  gesture.o ABSOLUTE
    User\stm32f0xx_it.c                      0x00000000   Number         0  stm32f0xx_it.o ABSOLUTE
    User\system_stm32f0xx.c                  0x00000000   Number         0  system_stm32f0xx.o ABSOLUTE
    dc.s                                     0x00000000   Number         0  dc.o ABSOLUTE
    uart\\uart.c                             0x00000000   Number         0  uart.o ABSOLUTE
    uart\uart.c                              0x00000000   Number         0  uart.o ABSOLUTE
    RESET                                    0x08000000   Section      180  startup_stm32f030.o(RESET)
    !!!main                                  0x080000b4   Section        8  __main.o(!!!main)
    !!!scatter                               0x080000bc   Section       60  __scatter.o(!!!scatter)
    !!handler_copy                           0x080000f8   Section       26  __scatter_copy.o(!!handler_copy)
    !!handler_zi                             0x08000114   Section       28  __scatter_zi.o(!!handler_zi)
    .ARM.Collect$$libinit$$00000000          0x08000130   Section        2  libinit.o(.ARM.Collect$$libinit$$00000000)
    .ARM.Collect$$libinit$$00000002          0x08000132   Section        0  libinit2.o(.ARM.Collect$$libinit$$00000002)
    .ARM.Collect$$libinit$$00000004          0x08000132   Section        0  libinit2.o(.ARM.Collect$$libinit$$00000004)
    .ARM.Collect$$libinit$$0000000A          0x08000132   Section        0  libinit2.o(.ARM.Collect$$libinit$$0000000A)
    .ARM.Collect$$libinit$$0000000C          0x08000132   Section        0  libinit2.o(.ARM.Collect$$libinit$$0000000C)
    .ARM.Collect$$libinit$$0000000E          0x08000132   Section        0  libinit2.o(.ARM.Collect$$libinit$$0000000E)
    .ARM.Collect$$libinit$$00000011          0x08000132   Section        0  libinit2.o(.ARM.Collect$$libinit$$00000011)
    .ARM.Collect$$libinit$$00000013          0x08000132   Section        0  libinit2.o(.ARM.Collect$$libinit$$00000013)
    .ARM.Collect$$libinit$$00000015          0x08000132   Section        0  libinit2.o(.ARM.Collect$$libinit$$00000015)
    .ARM.Collect$$libinit$$00000017          0x08000132   Section        0  libinit2.o(.ARM.Collect$$libinit$$00000017)
    .ARM.Collect$$libinit$$00000019          0x08000132   Section        0  libinit2.o(.ARM.Collect$$libinit$$00000019)
    .ARM.Collect$$libinit$$0000001B          0x08000132   Section        0  libinit2.o(.ARM.Collect$$libinit$$0000001B)
    .ARM.Collect$$libinit$$0000001D          0x08000132   Section        0  libinit2.o(.ARM.Collect$$libinit$$0000001D)
    .ARM.Collect$$libinit$$0000001F          0x08000132   Section        0  libinit2.o(.ARM.Collect$$libinit$$0000001F)
    .ARM.Collect$$libinit$$00000021          0x08000132   Section        0  libinit2.o(.ARM.Collect$$libinit$$00000021)
    .ARM.Collect$$libinit$$00000023          0x08000132   Section        0  libinit2.o(.ARM.Collect$$libinit$$00000023)
    .ARM.Collect$$libinit$$00000025          0x08000132   Section        0  libinit2.o(.ARM.Collect$$libinit$$00000025)
    .ARM.Collect$$libinit$$0000002C          0x08000132   Section        0  libinit2.o(.ARM.Collect$$libinit$$0000002C)
    .ARM.Collect$$libinit$$0000002E          0x08000132   Section        0  libinit2.o(.ARM.Collect$$libinit$$0000002E)
    .ARM.Collect$$libinit$$00000030          0x08000132   Section        0  libinit2.o(.ARM.Collect$$libinit$$00000030)
    .ARM.Collect$$libinit$$00000032          0x08000132   Section        0  libinit2.o(.ARM.Collect$$libinit$$00000032)
    .ARM.Collect$$libinit$$00000033          0x08000132   Section        2  libinit2.o(.ARM.Collect$$libinit$$00000033)
    .ARM.Collect$$libshutdown$$00000000      0x08000134   Section        2  libshutdown.o(.ARM.Collect$$libshutdown$$00000000)
    .ARM.Collect$$libshutdown$$00000003      0x08000136   Section        0  libshutdown2.o(.ARM.Collect$$libshutdown$$00000003)
    .ARM.Collect$$libshutdown$$00000006      0x08000136   Section        0  libshutdown2.o(.ARM.Collect$$libshutdown$$00000006)
    .ARM.Collect$$libshutdown$$00000009      0x08000136   Section        0  libshutdown2.o(.ARM.Collect$$libshutdown$$00000009)
    .ARM.Collect$$libshutdown$$0000000B      0x08000136   Section        0  libshutdown2.o(.ARM.Collect$$libshutdown$$0000000B)
    .ARM.Collect$$libshutdown$$0000000E      0x08000136   Section        0  libshutdown2.o(.ARM.Collect$$libshutdown$$0000000E)
    .ARM.Collect$$libshutdown$$0000000F      0x08000136   Section        2  libshutdown2.o(.ARM.Collect$$libshutdown$$0000000F)
    .ARM.Collect$$rtentry$$00000000          0x08000138   Section        0  __rtentry.o(.ARM.Collect$$rtentry$$00000000)
    .ARM.Collect$$rtentry$$00000002          0x08000138   Section        0  __rtentry2.o(.ARM.Collect$$rtentry$$00000002)
    .ARM.Collect$$rtentry$$00000004          0x08000138   Section        6  __rtentry4.o(.ARM.Collect$$rtentry$$00000004)
    .ARM.Collect$$rtentry$$00000009          0x0800013e   Section        0  __rtentry2.o(.ARM.Collect$$rtentry$$00000009)
    .ARM.Collect$$rtentry$$0000000A          0x0800013e   Section        4  __rtentry2.o(.ARM.Collect$$rtentry$$0000000A)
    .ARM.Collect$$rtentry$$0000000C          0x08000142   Section        0  __rtentry2.o(.ARM.Collect$$rtentry$$0000000C)
    .ARM.Collect$$rtentry$$0000000D          0x08000142   Section        8  __rtentry2.o(.ARM.Collect$$rtentry$$0000000D)
    .ARM.Collect$$rtexit$$00000000           0x0800014a   Section        2  rtexit.o(.ARM.Collect$$rtexit$$00000000)
    .ARM.Collect$$rtexit$$00000002           0x0800014c   Section        0  rtexit2.o(.ARM.Collect$$rtexit$$00000002)
    .ARM.Collect$$rtexit$$00000003           0x0800014c   Section        4  rtexit2.o(.ARM.Collect$$rtexit$$00000003)
    .ARM.Collect$$rtexit$$00000004           0x08000150   Section        6  rtexit2.o(.ARM.Collect$$rtexit$$00000004)
    .text                                    0x08000158   Section       56  startup_stm32f030.o(.text)
    .text                                    0x08000190   Section        0  system_stm32f0xx.o(.text)
    SetSysClock                              0x08000191   Thumb Code   206  system_stm32f0xx.o(.text)
    .text                                    0x08000388   Section        0  stm32f0xx_it.o(.text)
    .text                                    0x080003b0   Section        0  gesture.o(.text)
    .text                                    0x08000510   Section        0  stm32f0xx_rcc.o(.text)
    .text                                    0x08000b1c   Section        0  stm32f0xx_exti.o(.text)
    .text                                    0x08000c14   Section        0  stm32f0xx_gpio.o(.text)
    .text                                    0x08000e04   Section        0  stm32f0xx_i2c.o(.text)
    .text                                    0x0800129c   Section        0  stm32f0xx_syscfg.o(.text)
    .text                                    0x0800138c   Section        0  stm32f0xx_usart.o(.text)
    .text                                    0x080018d8   Section        0  stm32f0xx_misc.o(.text)
    .text                                    0x0800198c   Section        0  uart.o(.text)
    .text                                    0x08001a74   Section        0  adsp9960_platform.o(.text)
    .text                                    0x08001f98   Section        0  sparkfun_adsp9960.o(.text)
    .text                                    0x0800313a   Section      346  aeabi_sdiv.o(.text)
    .text                                    0x08003294   Section        0  heapauxi.o(.text)
    .text                                    0x0800329a   Section       62  sys_stackheap_outer.o(.text)
    .text                                    0x080032d8   Section        0  exit.o(.text)
    .text                                    0x080032e4   Section        8  libspace.o(.text)
    .text                                    0x080032ec   Section        0  sys_exit.o(.text)
    .text                                    0x080032f8   Section        2  use_no_semi.o(.text)
    .text                                    0x080032fa   Section        0  indicate_semi.o(.text)
    i.__ARM_common_switch8                   0x080032fa   Section        0  gesture.o(i.__ARM_common_switch8)
    .data                                    0x20000000   Section       20  system_stm32f0xx.o(.data)
    .data                                    0x20000014   Section        4  gesture.o(.data)
    .data                                    0x20000018   Section       16  stm32f0xx_rcc.o(.data)
    APBAHBPrescTable                         0x20000018   Data          16  stm32f0xx_rcc.o(.data)
    .data                                    0x20000028   Section        4  adsp9960_platform.o(.data)
    .data                                    0x2000002c   Section       32  sparkfun_adsp9960.o(.data)
    .bss                                     0x2000004c   Section      132  sparkfun_adsp9960.o(.bss)
    .bss                                     0x200000d0   Section       96  libspace.o(.bss)
    HEAP                                     0x20000130   Section      512  startup_stm32f030.o(HEAP)
    Heap_Mem                                 0x20000130   Data         512  startup_stm32f030.o(HEAP)
    STACK                                    0x20000330   Section     1024  startup_stm32f030.o(STACK)
    Stack_Mem                                0x20000330   Data        1024  startup_stm32f030.o(STACK)
    __initial_sp                             0x20000730   Data           0  startup_stm32f030.o(STACK)

    Global Symbols

    Symbol Name                              Value     Ov Type        Size  Object(Section)

    BuildAttributes$$THM_ISAv3M$S$PE$A:L22$X:L11$S22$IEEE1$IW$USESV6$~STKCKD$USESV7$~SHL$OSPACE$ROPI$EBA8$UX$STANDARDLIB$REQ8$PRES8$EABIv2 0x00000000   Number         0  anon$$obj.o ABSOLUTE
    __ARM_use_no_argv                        0x00000000   Number         0  gesture.o ABSOLUTE
    __ARM_exceptions_init                     - Undefined Weak Reference
    __alloca_initialize                       - Undefined Weak Reference
    __arm_preinit_                            - Undefined Weak Reference
    __cpp_initialize__aeabi_                  - Undefined Weak Reference
    __cxa_finalize                            - Undefined Weak Reference
    __rt_locale                               - Undefined Weak Reference
    __sigvec_lookup                           - Undefined Weak Reference
    _atexit_init                              - Undefined Weak Reference
    _call_atexit_fns                          - Undefined Weak Reference
    _clock_init                               - Undefined Weak Reference
    _fp_trap_init                             - Undefined Weak Reference
    _fp_trap_shutdown                         - Undefined Weak Reference
    _get_lc_collate                           - Undefined Weak Reference
    _get_lc_ctype                             - Undefined Weak Reference
    _get_lc_monetary                          - Undefined Weak Reference
    _get_lc_numeric                           - Undefined Weak Reference
    _get_lc_time                              - Undefined Weak Reference
    _getenv_init                              - Undefined Weak Reference
    _handle_redirection                       - Undefined Weak Reference
    _init_alloc                               - Undefined Weak Reference
    _init_user_alloc                          - Undefined Weak Reference
    _initio                                   - Undefined Weak Reference
    _rand_init                                - Undefined Weak Reference
    _signal_finish                            - Undefined Weak Reference
    _signal_init                              - Undefined Weak Reference
    _terminate_alloc                          - Undefined Weak Reference
    _terminate_user_alloc                     - Undefined Weak Reference
    _terminateio                              - Undefined Weak Reference
    __Vectors_Size                           0x000000b4   Number         0  startup_stm32f030.o ABSOLUTE
    __Vectors                                0x08000000   Data           4  startup_stm32f030.o(RESET)
    __Vectors_End                            0x080000b4   Data           0  startup_stm32f030.o(RESET)
    __main                                   0x080000b5   Thumb Code     8  __main.o(!!!main)
    __scatterload                            0x080000bd   Thumb Code     0  __scatter.o(!!!scatter)
    __scatterload_rt2                        0x080000bd   Thumb Code    52  __scatter.o(!!!scatter)
    __scatterload_rt2_thumb_only             0x080000bd   Thumb Code     0  __scatter.o(!!!scatter)
    __scatterload_null                       0x080000cd   Thumb Code     0  __scatter.o(!!!scatter)
    __scatterload_copy                       0x080000f9   Thumb Code    26  __scatter_copy.o(!!handler_copy)
    __scatterload_zeroinit                   0x08000115   Thumb Code    28  __scatter_zi.o(!!handler_zi)
    __rt_lib_init                            0x08000131   Thumb Code     0  libinit.o(.ARM.Collect$$libinit$$00000000)
    __rt_lib_init_alloca_1                   0x08000133   Thumb Code     0  libinit2.o(.ARM.Collect$$libinit$$0000002E)
    __rt_lib_init_argv_1                     0x08000133   Thumb Code     0  libinit2.o(.ARM.Collect$$libinit$$0000002C)
    __rt_lib_init_atexit_1                   0x08000133   Thumb Code     0  libinit2.o(.ARM.Collect$$libinit$$0000001B)
    __rt_lib_init_clock_1                    0x08000133   Thumb Code     0  libinit2.o(.ARM.Collect$$libinit$$00000021)
    __rt_lib_init_cpp_1                      0x08000133   Thumb Code     0  libinit2.o(.ARM.Collect$$libinit$$00000032)
    __rt_lib_init_exceptions_1               0x08000133   Thumb Code     0  libinit2.o(.ARM.Collect$$libinit$$00000030)
    __rt_lib_init_fp_1                       0x08000133   Thumb Code     0  libinit2.o(.ARM.Collect$$libinit$$00000002)
    __rt_lib_init_fp_trap_1                  0x08000133   Thumb Code     0  libinit2.o(.ARM.Collect$$libinit$$0000001F)
    __rt_lib_init_getenv_1                   0x08000133   Thumb Code     0  libinit2.o(.ARM.Collect$$libinit$$00000023)
    __rt_lib_init_heap_1                     0x08000133   Thumb Code     0  libinit2.o(.ARM.Collect$$libinit$$0000000A)
    __rt_lib_init_lc_collate_1               0x08000133   Thumb Code     0  libinit2.o(.ARM.Collect$$libinit$$00000011)
    __rt_lib_init_lc_ctype_1                 0x08000133   Thumb Code     0  libinit2.o(.ARM.Collect$$libinit$$00000013)
    __rt_lib_init_lc_monetary_1              0x08000133   Thumb Code     0  libinit2.o(.ARM.Collect$$libinit$$00000015)
    __rt_lib_init_lc_numeric_1               0x08000133   Thumb Code     0  libinit2.o(.ARM.Collect$$libinit$$00000017)
    __rt_lib_init_lc_time_1                  0x08000133   Thumb Code     0  libinit2.o(.ARM.Collect$$libinit$$00000019)
    __rt_lib_init_preinit_1                  0x08000133   Thumb Code     0  libinit2.o(.ARM.Collect$$libinit$$00000004)
    __rt_lib_init_rand_1                     0x08000133   Thumb Code     0  libinit2.o(.ARM.Collect$$libinit$$0000000E)
    __rt_lib_init_return                     0x08000133   Thumb Code     0  libinit2.o(.ARM.Collect$$libinit$$00000033)
    __rt_lib_init_signal_1                   0x08000133   Thumb Code     0  libinit2.o(.ARM.Collect$$libinit$$0000001D)
    __rt_lib_init_stdio_1                    0x08000133   Thumb Code     0  libinit2.o(.ARM.Collect$$libinit$$00000025)
    __rt_lib_init_user_alloc_1               0x08000133   Thumb Code     0  libinit2.o(.ARM.Collect$$libinit$$0000000C)
    __rt_lib_shutdown                        0x08000135   Thumb Code     0  libshutdown.o(.ARM.Collect$$libshutdown$$00000000)
    __rt_lib_shutdown_fp_trap_1              0x08000137   Thumb Code     0  libshutdown2.o(.ARM.Collect$$libshutdown$$00000006)
    __rt_lib_shutdown_heap_1                 0x08000137   Thumb Code     0  libshutdown2.o(.ARM.Collect$$libshutdown$$0000000E)
    __rt_lib_shutdown_return                 0x08000137   Thumb Code     0  libshutdown2.o(.ARM.Collect$$libshutdown$$0000000F)
    __rt_lib_shutdown_signal_1               0x08000137   Thumb Code     0  libshutdown2.o(.ARM.Collect$$libshutdown$$00000009)
    __rt_lib_shutdown_stdio_1                0x08000137   Thumb Code     0  libshutdown2.o(.ARM.Collect$$libshutdown$$00000003)
    __rt_lib_shutdown_user_alloc_1           0x08000137   Thumb Code     0  libshutdown2.o(.ARM.Collect$$libshutdown$$0000000B)
    __rt_entry                               0x08000139   Thumb Code     0  __rtentry.o(.ARM.Collect$$rtentry$$00000000)
    __rt_entry_presh_1                       0x08000139   Thumb Code     0  __rtentry2.o(.ARM.Collect$$rtentry$$00000002)
    __rt_entry_sh                            0x08000139   Thumb Code     0  __rtentry4.o(.ARM.Collect$$rtentry$$00000004)
    __rt_entry_li                            0x0800013f   Thumb Code     0  __rtentry2.o(.ARM.Collect$$rtentry$$0000000A)
    __rt_entry_postsh_1                      0x0800013f   Thumb Code     0  __rtentry2.o(.ARM.Collect$$rtentry$$00000009)
    __rt_entry_main                          0x08000143   Thumb Code     0  __rtentry2.o(.ARM.Collect$$rtentry$$0000000D)
    __rt_entry_postli_1                      0x08000143   Thumb Code     0  __rtentry2.o(.ARM.Collect$$rtentry$$0000000C)
    __rt_exit                                0x0800014b   Thumb Code     0  rtexit.o(.ARM.Collect$$rtexit$$00000000)
    __rt_exit_ls                             0x0800014d   Thumb Code     0  rtexit2.o(.ARM.Collect$$rtexit$$00000003)
    __rt_exit_prels_1                        0x0800014d   Thumb Code     0  rtexit2.o(.ARM.Collect$$rtexit$$00000002)
    __rt_exit_exit                           0x08000151   Thumb Code     0  rtexit2.o(.ARM.Collect$$rtexit$$00000004)
    Reset_Handler                            0x08000159   Thumb Code     8  startup_stm32f030.o(.text)
    SysTick_Handler                          0x08000169   Thumb Code     2  startup_stm32f030.o(.text)
    ADC1_IRQHandler                          0x0800016b   Thumb Code     0  startup_stm32f030.o(.text)
    DMA1_Channel1_IRQHandler                 0x0800016b   Thumb Code     0  startup_stm32f030.o(.text)
    DMA1_Channel2_3_IRQHandler               0x0800016b   Thumb Code     0  startup_stm32f030.o(.text)
    DMA1_Channel4_5_IRQHandler               0x0800016b   Thumb Code     0  startup_stm32f030.o(.text)
    EXTI0_1_IRQHandler                       0x0800016b   Thumb Code     0  startup_stm32f030.o(.text)
    EXTI4_15_IRQHandler                      0x0800016b   Thumb Code     0  startup_stm32f030.o(.text)
    FLASH_IRQHandler                         0x0800016b   Thumb Code     0  startup_stm32f030.o(.text)
    I2C1_IRQHandler                          0x0800016b   Thumb Code     0  startup_stm32f030.o(.text)
    I2C2_IRQHandler                          0x0800016b   Thumb Code     0  startup_stm32f030.o(.text)
    RCC_IRQHandler                           0x0800016b   Thumb Code     0  startup_stm32f030.o(.text)
    RTC_IRQHandler                           0x0800016b   Thumb Code     0  startup_stm32f030.o(.text)
    SPI1_IRQHandler                          0x0800016b   Thumb Code     0  startup_stm32f030.o(.text)
    SPI2_IRQHandler                          0x0800016b   Thumb Code     0  startup_stm32f030.o(.text)
    TIM14_IRQHandler                         0x0800016b   Thumb Code     0  startup_stm32f030.o(.text)
    TIM15_IRQHandler                         0x0800016b   Thumb Code     0  startup_stm32f030.o(.text)
    TIM16_IRQHandler                         0x0800016b   Thumb Code     0  startup_stm32f030.o(.text)
    TIM17_IRQHandler                         0x0800016b   Thumb Code     0  startup_stm32f030.o(.text)
    TIM1_BRK_UP_TRG_COM_IRQHandler           0x0800016b   Thumb Code     0  startup_stm32f030.o(.text)
    TIM1_CC_IRQHandler                       0x0800016b   Thumb Code     0  startup_stm32f030.o(.text)
    TIM3_IRQHandler                          0x0800016b   Thumb Code     0  startup_stm32f030.o(.text)
    USART1_IRQHandler                        0x0800016b   Thumb Code     0  startup_stm32f030.o(.text)
    USART2_IRQHandler                        0x0800016b   Thumb Code     0  startup_stm32f030.o(.text)
    WWDG_IRQHandler                          0x0800016b   Thumb Code     0  startup_stm32f030.o(.text)
    __user_initial_stackheap                 0x0800016d   Thumb Code     0  startup_stm32f030.o(.text)
    SystemInit                               0x0800025f   Thumb Code   110  system_stm32f0xx.o(.text)
    SystemCoreClockUpdate                    0x080002cd   Thumb Code   154  system_stm32f0xx.o(.text)
    NMI_Handler                              0x08000389   Thumb Code     2  stm32f0xx_it.o(.text)
    HardFault_Handler                        0x0800038b   Thumb Code     4  stm32f0xx_it.o(.text)
    SVC_Handler                              0x0800038f   Thumb Code     2  stm32f0xx_it.o(.text)
    PendSV_Handler                           0x08000391   Thumb Code     2  stm32f0xx_it.o(.text)
    EXTI2_3_IRQHandler                       0x08000393   Thumb Code    26  stm32f0xx_it.o(.text)
    PA3_EXTI_Config                          0x080003b1   Thumb Code    96  gesture.o(.text)
    handleGesture                            0x08000411   Thumb Code    90  gesture.o(.text)
    main                                     0x0800046b   Thumb Code    86  gesture.o(.text)
    RCC_DeInit                               0x08000511   Thumb Code   104  stm32f0xx_rcc.o(.text)
    RCC_HSEConfig                            0x08000579   Thumb Code    12  stm32f0xx_rcc.o(.text)
    RCC_GetFlagStatus                        0x08000585   Thumb Code    68  stm32f0xx_rcc.o(.text)
    RCC_WaitForHSEStartUp                    0x080005c9   Thumb Code    60  stm32f0xx_rcc.o(.text)
    RCC_AdjustHSICalibrationValue            0x08000605   Thumb Code    26  stm32f0xx_rcc.o(.text)
    RCC_HSICmd                               0x0800061f   Thumb Code    32  stm32f0xx_rcc.o(.text)
    RCC_AdjustHSI14CalibrationValue          0x0800063f   Thumb Code    26  stm32f0xx_rcc.o(.text)
    RCC_HSI14Cmd                             0x08000659   Thumb Code    32  stm32f0xx_rcc.o(.text)
    RCC_HSI14ADCRequestCmd                   0x08000679   Thumb Code    32  stm32f0xx_rcc.o(.text)
    RCC_LSEConfig                            0x08000699   Thumb Code    34  stm32f0xx_rcc.o(.text)
    RCC_LSEDriveConfig                       0x080006bb   Thumb Code    22  stm32f0xx_rcc.o(.text)
    RCC_LSICmd                               0x080006d1   Thumb Code    32  stm32f0xx_rcc.o(.text)
    RCC_PLLConfig                            0x080006f1   Thumb Code    30  stm32f0xx_rcc.o(.text)
    RCC_PLLCmd                               0x0800070f   Thumb Code    36  stm32f0xx_rcc.o(.text)
    RCC_PREDIV1Config                        0x08000733   Thumb Code    24  stm32f0xx_rcc.o(.text)
    RCC_ClockSecuritySystemCmd               0x0800074b   Thumb Code    36  stm32f0xx_rcc.o(.text)
    RCC_MCOConfig                            0x0800076f   Thumb Code    24  stm32f0xx_rcc.o(.text)
    RCC_SYSCLKConfig                         0x08000787   Thumb Code    24  stm32f0xx_rcc.o(.text)
    RCC_GetSYSCLKSource                      0x0800079f   Thumb Code    10  stm32f0xx_rcc.o(.text)
    RCC_HCLKConfig                           0x080007a9   Thumb Code    28  stm32f0xx_rcc.o(.text)
    RCC_PCLKConfig                           0x080007c5   Thumb Code    30  stm32f0xx_rcc.o(.text)
    RCC_ADCCLKConfig                         0x080007e3   Thumb Code    52  stm32f0xx_rcc.o(.text)
    RCC_CECCLKConfig                         0x08000817   Thumb Code    22  stm32f0xx_rcc.o(.text)
    RCC_I2CCLKConfig                         0x0800082d   Thumb Code    22  stm32f0xx_rcc.o(.text)
    RCC_USARTCLKConfig                       0x08000843   Thumb Code    22  stm32f0xx_rcc.o(.text)
    RCC_GetClocksFreq                        0x08000859   Thumb Code   366  stm32f0xx_rcc.o(.text)
    RCC_RTCCLKConfig                         0x080009c7   Thumb Code    12  stm32f0xx_rcc.o(.text)
    RCC_RTCCLKCmd                            0x080009d3   Thumb Code    36  stm32f0xx_rcc.o(.text)
    RCC_BackupResetCmd                       0x080009f7   Thumb Code    36  stm32f0xx_rcc.o(.text)
    RCC_AHBPeriphClockCmd                    0x08000a1b   Thumb Code    28  stm32f0xx_rcc.o(.text)
    RCC_APB2PeriphClockCmd                   0x08000a37   Thumb Code    28  stm32f0xx_rcc.o(.text)
    RCC_APB1PeriphClockCmd                   0x08000a53   Thumb Code    28  stm32f0xx_rcc.o(.text)
    RCC_AHBPeriphResetCmd                    0x08000a6f   Thumb Code    28  stm32f0xx_rcc.o(.text)
    RCC_APB2PeriphResetCmd                   0x08000a8b   Thumb Code    28  stm32f0xx_rcc.o(.text)
    RCC_APB1PeriphResetCmd                   0x08000aa7   Thumb Code    28  stm32f0xx_rcc.o(.text)
    RCC_ITConfig                             0x08000ac3   Thumb Code    28  stm32f0xx_rcc.o(.text)
    RCC_ClearFlag                            0x08000adf   Thumb Code    16  stm32f0xx_rcc.o(.text)
    RCC_GetITStatus                          0x08000aef   Thumb Code    22  stm32f0xx_rcc.o(.text)
    RCC_ClearITPendingBit                    0x08000b05   Thumb Code     6  stm32f0xx_rcc.o(.text)
    EXTI_DeInit                              0x08000b1d   Thumb Code    20  stm32f0xx_exti.o(.text)
    EXTI_Init                                0x08000b31   Thumb Code   132  stm32f0xx_exti.o(.text)
    EXTI_StructInit                          0x08000bb5   Thumb Code    16  stm32f0xx_exti.o(.text)
    EXTI_GenerateSWInterrupt                 0x08000bc5   Thumb Code    12  stm32f0xx_exti.o(.text)
    EXTI_GetFlagStatus                       0x08000bd1   Thumb Code    22  stm32f0xx_exti.o(.text)
    EXTI_ClearFlag                           0x08000be7   Thumb Code     6  stm32f0xx_exti.o(.text)
    EXTI_GetITStatus                         0x08000bed   Thumb Code    22  stm32f0xx_exti.o(.text)
    EXTI_ClearITPendingBit                   0x08000c03   Thumb Code     6  stm32f0xx_exti.o(.text)
    GPIO_DeInit                              0x08000c15   Thumb Code   132  stm32f0xx_gpio.o(.text)
    GPIO_Init                                0x08000c99   Thumb Code   144  stm32f0xx_gpio.o(.text)
    GPIO_StructInit                          0x08000d29   Thumb Code    20  stm32f0xx_gpio.o(.text)
    GPIO_PinLockConfig                       0x08000d3d   Thumb Code    34  stm32f0xx_gpio.o(.text)
    GPIO_ReadInputDataBit                    0x08000d5f   Thumb Code    20  stm32f0xx_gpio.o(.text)
    GPIO_ReadInputData                       0x08000d73   Thumb Code     6  stm32f0xx_gpio.o(.text)
    GPIO_ReadOutputDataBit                   0x08000d79   Thumb Code    20  stm32f0xx_gpio.o(.text)
    GPIO_ReadOutputData                      0x08000d8d   Thumb Code     6  stm32f0xx_gpio.o(.text)
    GPIO_SetBits                             0x08000d93   Thumb Code     4  stm32f0xx_gpio.o(.text)
    GPIO_ResetBits                           0x08000d97   Thumb Code     4  stm32f0xx_gpio.o(.text)
    GPIO_WriteBit                            0x08000d9b   Thumb Code    12  stm32f0xx_gpio.o(.text)
    GPIO_Write                               0x08000da7   Thumb Code     4  stm32f0xx_gpio.o(.text)
    GPIO_PinAFConfig                         0x08000dab   Thumb Code    68  stm32f0xx_gpio.o(.text)
    I2C_DeInit                               0x08000e05   Thumb Code    50  stm32f0xx_i2c.o(.text)
    I2C_Init                                 0x08000e37   Thumb Code    98  stm32f0xx_i2c.o(.text)
    I2C_StructInit                           0x08000e99   Thumb Code    24  stm32f0xx_i2c.o(.text)
    I2C_Cmd                                  0x08000eb1   Thumb Code    24  stm32f0xx_i2c.o(.text)
    I2C_SoftwareResetCmd                     0x08000ec9   Thumb Code    20  stm32f0xx_i2c.o(.text)
    I2C_ITConfig                             0x08000edd   Thumb Code    20  stm32f0xx_i2c.o(.text)
    I2C_StretchClockCmd                      0x08000ef1   Thumb Code    28  stm32f0xx_i2c.o(.text)
    I2C_StopModeCmd                          0x08000f0d   Thumb Code    28  stm32f0xx_i2c.o(.text)
    I2C_DualAddressCmd                       0x08000f29   Thumb Code    28  stm32f0xx_i2c.o(.text)
    I2C_OwnAddress2Config                    0x08000f45   Thumb Code    32  stm32f0xx_i2c.o(.text)
    I2C_GeneralCallCmd                       0x08000f65   Thumb Code    28  stm32f0xx_i2c.o(.text)
    I2C_SlaveByteControlCmd                  0x08000f81   Thumb Code    28  stm32f0xx_i2c.o(.text)
    I2C_SlaveAddressConfig                   0x08000f9d   Thumb Code    20  stm32f0xx_i2c.o(.text)
    I2C_10BitAddressingModeCmd               0x08000fb1   Thumb Code    28  stm32f0xx_i2c.o(.text)
    I2C_AutoEndCmd                           0x08000fcd   Thumb Code    28  stm32f0xx_i2c.o(.text)
    I2C_ReloadCmd                            0x08000fe9   Thumb Code    28  stm32f0xx_i2c.o(.text)
    I2C_NumberOfBytesConfig                  0x08001005   Thumb Code    28  stm32f0xx_i2c.o(.text)
    I2C_MasterRequestConfig                  0x08001021   Thumb Code    28  stm32f0xx_i2c.o(.text)
    I2C_GenerateSTART                        0x0800103d   Thumb Code    28  stm32f0xx_i2c.o(.text)
    I2C_GenerateSTOP                         0x08001059   Thumb Code    28  stm32f0xx_i2c.o(.text)
    I2C_10BitAddressHeaderCmd                0x08001075   Thumb Code    28  stm32f0xx_i2c.o(.text)
    I2C_AcknowledgeConfig                    0x08001091   Thumb Code    28  stm32f0xx_i2c.o(.text)
    I2C_GetAddressMatched                    0x080010ad   Thumb Code    14  stm32f0xx_i2c.o(.text)
    I2C_GetTransferDirection                 0x080010bb   Thumb Code    30  stm32f0xx_i2c.o(.text)
    I2C_TransferHandling                     0x080010d9   Thumb Code    38  stm32f0xx_i2c.o(.text)
    I2C_SMBusAlertCmd                        0x080010ff   Thumb Code    28  stm32f0xx_i2c.o(.text)
    I2C_ClockTimeoutCmd                      0x0800111b   Thumb Code    28  stm32f0xx_i2c.o(.text)
    I2C_ExtendedClockTimeoutCmd              0x08001137   Thumb Code    26  stm32f0xx_i2c.o(.text)
    I2C_IdleClockTimeoutCmd                  0x08001151   Thumb Code    28  stm32f0xx_i2c.o(.text)
    I2C_TimeoutAConfig                       0x0800116d   Thumb Code    20  stm32f0xx_i2c.o(.text)
    I2C_TimeoutBConfig                       0x08001181   Thumb Code    26  stm32f0xx_i2c.o(.text)
    I2C_CalculatePEC                         0x0800119b   Thumb Code    28  stm32f0xx_i2c.o(.text)
    I2C_PECRequestCmd                        0x080011b7   Thumb Code    28  stm32f0xx_i2c.o(.text)
    I2C_GetPEC                               0x080011d3   Thumb Code     8  stm32f0xx_i2c.o(.text)
    I2C_ReadRegister                         0x080011db   Thumb Code    46  stm32f0xx_i2c.o(.text)
    I2C_SendData                             0x08001209   Thumb Code     4  stm32f0xx_i2c.o(.text)
    I2C_ReceiveData                          0x0800120d   Thumb Code     8  stm32f0xx_i2c.o(.text)
    I2C_DMACmd                               0x08001215   Thumb Code    20  stm32f0xx_i2c.o(.text)
    I2C_GetFlagStatus                        0x08001229   Thumb Code    28  stm32f0xx_i2c.o(.text)
    I2C_ClearFlag                            0x08001245   Thumb Code     4  stm32f0xx_i2c.o(.text)
    I2C_GetITStatus                          0x08001249   Thumb Code    78  stm32f0xx_i2c.o(.text)
    I2C_ClearITPendingBit                    0x08001297   Thumb Code     4  stm32f0xx_i2c.o(.text)
    SYSCFG_DeInit                            0x0800129d   Thumb Code    40  stm32f0xx_syscfg.o(.text)
    SYSCFG_MemoryRemapConfig                 0x080012c5   Thumb Code    24  stm32f0xx_syscfg.o(.text)
    SYSCFG_DMAChannelRemapConfig             0x080012dd   Thumb Code    28  stm32f0xx_syscfg.o(.text)
    SYSCFG_I2CFastModePlusConfig             0x080012f9   Thumb Code    28  stm32f0xx_syscfg.o(.text)
    SYSCFG_EXTILineConfig                    0x08001315   Thumb Code    66  stm32f0xx_syscfg.o(.text)
    SYSCFG_BreakConfig                       0x08001357   Thumb Code    12  stm32f0xx_syscfg.o(.text)
    SYSCFG_GetFlagStatus                     0x08001363   Thumb Code    26  stm32f0xx_syscfg.o(.text)
    SYSCFG_ClearFlag                         0x0800137d   Thumb Code    12  stm32f0xx_syscfg.o(.text)
    USART_DeInit                             0x0800138d   Thumb Code    56  stm32f0xx_usart.o(.text)
    USART_Init                               0x080013c5   Thumb Code   202  stm32f0xx_usart.o(.text)
    USART_StructInit                         0x0800148f   Thumb Code    24  stm32f0xx_usart.o(.text)
    USART_ClockInit                          0x080014a7   Thumb Code    36  stm32f0xx_usart.o(.text)
    USART_ClockStructInit                    0x080014cb   Thumb Code    12  stm32f0xx_usart.o(.text)
    USART_Cmd                                0x080014d7   Thumb Code    24  stm32f0xx_usart.o(.text)
    USART_DirectionModeCmd                   0x080014ef   Thumb Code    20  stm32f0xx_usart.o(.text)
    USART_OverSampling8Cmd                   0x08001503   Thumb Code    28  stm32f0xx_usart.o(.text)
    USART_OneBitMethodCmd                    0x0800151f   Thumb Code    28  stm32f0xx_usart.o(.text)
    USART_MSBFirstCmd                        0x0800153b   Thumb Code    28  stm32f0xx_usart.o(.text)
    USART_DataInvCmd                         0x08001557   Thumb Code    28  stm32f0xx_usart.o(.text)
    USART_InvPinCmd                          0x08001573   Thumb Code    20  stm32f0xx_usart.o(.text)
    USART_SWAPPinCmd                         0x08001587   Thumb Code    28  stm32f0xx_usart.o(.text)
    USART_ReceiverTimeOutCmd                 0x080015a3   Thumb Code    28  stm32f0xx_usart.o(.text)
    USART_SetReceiverTimeOut                 0x080015bf   Thumb Code    16  stm32f0xx_usart.o(.text)
    USART_SetPrescaler                       0x080015cf   Thumb Code    18  stm32f0xx_usart.o(.text)
    USART_STOPModeCmd                        0x080015e1   Thumb Code    24  stm32f0xx_usart.o(.text)
    USART_StopModeWakeUpSourceConfig         0x080015f9   Thumb Code    18  stm32f0xx_usart.o(.text)
    USART_AutoBaudRateCmd                    0x0800160b   Thumb Code    28  stm32f0xx_usart.o(.text)
    USART_AutoBaudRateConfig                 0x08001627   Thumb Code    18  stm32f0xx_usart.o(.text)
    USART_SendData                           0x08001639   Thumb Code     8  stm32f0xx_usart.o(.text)
    USART_ReceiveData                        0x08001641   Thumb Code    10  stm32f0xx_usart.o(.text)
    USART_SetAddress                         0x0800164b   Thumb Code    18  stm32f0xx_usart.o(.text)
    USART_MuteModeCmd                        0x0800165d   Thumb Code    28  stm32f0xx_usart.o(.text)
    USART_MuteModeWakeUpConfig               0x08001679   Thumb Code    18  stm32f0xx_usart.o(.text)
    USART_AddressDetectionConfig             0x0800168b   Thumb Code    16  stm32f0xx_usart.o(.text)
    USART_LINBreakDetectLengthConfig         0x0800169b   Thumb Code    16  stm32f0xx_usart.o(.text)
    USART_LINCmd                             0x080016ab   Thumb Code    28  stm32f0xx_usart.o(.text)
    USART_HalfDuplexCmd                      0x080016c7   Thumb Code    24  stm32f0xx_usart.o(.text)
    USART_SetGuardTime                       0x080016df   Thumb Code    16  stm32f0xx_usart.o(.text)
    USART_SmartCardCmd                       0x080016ef   Thumb Code    24  stm32f0xx_usart.o(.text)
    USART_SmartCardNACKCmd                   0x08001707   Thumb Code    24  stm32f0xx_usart.o(.text)
    USART_SetAutoRetryCount                  0x0800171f   Thumb Code    20  stm32f0xx_usart.o(.text)
    USART_SetBlockLength                     0x08001733   Thumb Code    18  stm32f0xx_usart.o(.text)
    USART_IrDAConfig                         0x08001745   Thumb Code    16  stm32f0xx_usart.o(.text)
    USART_IrDACmd                            0x08001755   Thumb Code    40  stm32f0xx_usart.o(.text)
    USART_DECmd                              0x0800177d   Thumb Code    28  stm32f0xx_usart.o(.text)
    USART_DEPolarityConfig                   0x08001799   Thumb Code    18  stm32f0xx_usart.o(.text)
    USART_SetDEAssertionTime                 0x080017ab   Thumb Code    20  stm32f0xx_usart.o(.text)
    USART_SetDEDeassertionTime               0x080017bf   Thumb Code    20  stm32f0xx_usart.o(.text)
    USART_DMACmd                             0x080017d3   Thumb Code    20  stm32f0xx_usart.o(.text)
    USART_DMAReceptionErrorConfig            0x080017e7   Thumb Code    18  stm32f0xx_usart.o(.text)
    USART_ITConfig                           0x080017f9   Thumb Code    66  stm32f0xx_usart.o(.text)
    USART_RequestCmd                         0x0800183b   Thumb Code    20  stm32f0xx_usart.o(.text)
    USART_OverrunDetectionConfig             0x0800184f   Thumb Code    18  stm32f0xx_usart.o(.text)
    USART_GetFlagStatus                      0x08001861   Thumb Code    20  stm32f0xx_usart.o(.text)
    USART_ClearFlag                          0x08001875   Thumb Code     4  stm32f0xx_usart.o(.text)
    USART_GetITStatus                        0x08001879   Thumb Code    78  stm32f0xx_usart.o(.text)
    USART_ClearITPendingBit                  0x080018c7   Thumb Code    18  stm32f0xx_usart.o(.text)
    NVIC_Init                                0x080018d9   Thumb Code   106  stm32f0xx_misc.o(.text)
    NVIC_SystemLPConfig                      0x08001943   Thumb Code    28  stm32f0xx_misc.o(.text)
    SysTick_CLKSourceConfig                  0x0800195f   Thumb Code    32  stm32f0xx_misc.o(.text)
    USART_INIT                               0x0800198d   Thumb Code   144  uart.o(.text)
    Uart_Putc                                0x08001a1d   Thumb Code    22  uart.o(.text)
    Uart_Puts                                0x08001a33   Thumb Code    22  uart.o(.text)
    Uart_String_CRLF                         0x08001a49   Thumb Code    34  uart.o(.text)
    i2c_LowLevel_DeInit                      0x08001a75   Thumb Code    64  adsp9960_platform.o(.text)
    i2c_LowLevel_Init                        0x08001ab5   Thumb Code    92  adsp9960_platform.o(.text)
    i2c_DeInit                               0x08001b11   Thumb Code     8  adsp9960_platform.o(.text)
    APDS9960_i2c_Init                        0x08001b19   Thumb Code    46  adsp9960_platform.o(.text)
    I2C_TIMEOUT_UserCallback                 0x08001b47   Thumb Code    12  adsp9960_platform.o(.text)
    wireWriteByte                            0x08001b53   Thumb Code     6  adsp9960_platform.o(.text)
    wireWriteDataByte                        0x08001b59   Thumb Code   202  adsp9960_platform.o(.text)
    wireWriteDataBlock                       0x08001c23   Thumb Code   276  adsp9960_platform.o(.text)
    wireReadDataByte                         0x08001d37   Thumb Code   254  adsp9960_platform.o(.text)
    wireReadDataBlock                        0x08001e35   Thumb Code   348  adsp9960_platform.o(.text)
    Delay                                    0x08001f99   Thumb Code    10  sparkfun_adsp9960.o(.text)
    ADSP_Delay                               0x08001fa3   Thumb Code    20  sparkfun_adsp9960.o(.text)
    setGestureIntEnable                      0x08001fb7   Thumb Code    60  sparkfun_adsp9960.o(.text)
    setGestureWaitTime                       0x08001ff3   Thumb Code    58  sparkfun_adsp9960.o(.text)
    setGestureLEDDrive                       0x0800202d   Thumb Code    60  sparkfun_adsp9960.o(.text)
    setGestureGain                           0x08002069   Thumb Code    60  sparkfun_adsp9960.o(.text)
    setGestureExitThresh                     0x080020a5   Thumb Code    22  sparkfun_adsp9960.o(.text)
    setGestureEnterThresh                    0x080020bb   Thumb Code    22  sparkfun_adsp9960.o(.text)
    setLightIntHighThreshold                 0x080020d1   Thumb Code    46  sparkfun_adsp9960.o(.text)
    setLightIntLowThreshold                  0x080020ff   Thumb Code    46  sparkfun_adsp9960.o(.text)
    setProxIntHighThresh                     0x0800212d   Thumb Code    22  sparkfun_adsp9960.o(.text)
    setProxIntLowThresh                      0x08002143   Thumb Code    22  sparkfun_adsp9960.o(.text)
    setAmbientLightGain                      0x08002159   Thumb Code    58  sparkfun_adsp9960.o(.text)
    setProximityGain                         0x08002193   Thumb Code    60  sparkfun_adsp9960.o(.text)
    setLEDDrive                              0x080021cf   Thumb Code    60  sparkfun_adsp9960.o(.text)
    getMode                                  0x0800220b   Thumb Code    24  sparkfun_adsp9960.o(.text)
    setMode                                  0x08002223   Thumb Code    90  sparkfun_adsp9960.o(.text)
    ADSP_9960_Init                           0x0800227d   Thumb Code   442  sparkfun_adsp9960.o(.text)
    enablePower                              0x08002437   Thumb Code    20  sparkfun_adsp9960.o(.text)
    setAmbientLightIntEnable                 0x0800244b   Thumb Code    60  sparkfun_adsp9960.o(.text)
    enableLightSensor                        0x08002487   Thumb Code    72  sparkfun_adsp9960.o(.text)
    disableLightSensor                       0x080024cf   Thumb Code    32  sparkfun_adsp9960.o(.text)
    setProximityIntEnable                    0x080024ef   Thumb Code    60  sparkfun_adsp9960.o(.text)
    enableProximitySensor                    0x0800252b   Thumb Code    84  sparkfun_adsp9960.o(.text)
    disableProximitySensor                   0x0800257f   Thumb Code    32  sparkfun_adsp9960.o(.text)
    setGestureMode                           0x0800259f   Thumb Code    58  sparkfun_adsp9960.o(.text)
    setLEDBoost                              0x080025d9   Thumb Code    60  sparkfun_adsp9960.o(.text)
    resetGestureParameters                   0x08002615   Thumb Code    44  sparkfun_adsp9960.o(.text)
    enableGestureSensor                      0x08002641   Thumb Code   144  sparkfun_adsp9960.o(.text)
    disableGestureSensor                     0x080026d1   Thumb Code    48  sparkfun_adsp9960.o(.text)
    isGestureAvailable                       0x08002701   Thumb Code    42  sparkfun_adsp9960.o(.text)
    decodeGesture                            0x0800272b   Thumb Code   408  sparkfun_adsp9960.o(.text)
    processGestureData                       0x080028c3   Thumb Code   694  sparkfun_adsp9960.o(.text)
    readGesture                              0x08002b79   Thumb Code   260  sparkfun_adsp9960.o(.text)
    disablePower                             0x08002c7d   Thumb Code    20  sparkfun_adsp9960.o(.text)
    readAmbientLight                         0x08002c91   Thumb Code    58  sparkfun_adsp9960.o(.text)
    readRedLight                             0x08002ccb   Thumb Code    58  sparkfun_adsp9960.o(.text)
    readGreenLight                           0x08002d05   Thumb Code    58  sparkfun_adsp9960.o(.text)
    readBlueLight                            0x08002d3f   Thumb Code    58  sparkfun_adsp9960.o(.text)
    readProximity                            0x08002d79   Thumb Code    26  sparkfun_adsp9960.o(.text)
    getProxIntLowThresh                      0x08002d93   Thumb Code    22  sparkfun_adsp9960.o(.text)
    getProxIntHighThresh                     0x08002da9   Thumb Code    22  sparkfun_adsp9960.o(.text)
    getLEDDrive                              0x08002dbf   Thumb Code    32  sparkfun_adsp9960.o(.text)
    getProximityGain                         0x08002ddf   Thumb Code    34  sparkfun_adsp9960.o(.text)
    getAmbientLightGain                      0x08002e01   Thumb Code    72  sparkfun_adsp9960.o(.text)
    getLEDBoost                              0x08002e49   Thumb Code    34  sparkfun_adsp9960.o(.text)
    getProxGainCompEnable                    0x08002e6b   Thumb Code    34  sparkfun_adsp9960.o(.text)
    setProxGainCompEnable                    0x08002e8d   Thumb Code    60  sparkfun_adsp9960.o(.text)
    getProxPhotoMask                         0x08002ec9   Thumb Code    34  sparkfun_adsp9960.o(.text)
    setProxPhotoMask                         0x08002eeb   Thumb Code    58  sparkfun_adsp9960.o(.text)
    getGestureEnterThresh                    0x08002f25   Thumb Code    22  sparkfun_adsp9960.o(.text)
    getGestureExitThresh                     0x08002f3b   Thumb Code    22  sparkfun_adsp9960.o(.text)
    getGestureGain                           0x08002f51   Thumb Code    34  sparkfun_adsp9960.o(.text)
    getGestureLEDDrive                       0x08002f73   Thumb Code    34  sparkfun_adsp9960.o(.text)
    getGestureWaitTime                       0x08002f95   Thumb Code    34  sparkfun_adsp9960.o(.text)
    getLightIntLowThreshold                  0x08002fb7   Thumb Code    58  sparkfun_adsp9960.o(.text)
    getLightIntHighThreshold                 0x08002ff1   Thumb Code    58  sparkfun_adsp9960.o(.text)
    getProximityIntLowThreshold              0x0800302b   Thumb Code    26  sparkfun_adsp9960.o(.text)
    setProximityIntLowThreshold              0x08003045   Thumb Code    22  sparkfun_adsp9960.o(.text)
    getProximityIntHighThreshold             0x0800305b   Thumb Code    26  sparkfun_adsp9960.o(.text)
    setProximityIntHighThreshold             0x08003075   Thumb Code    22  sparkfun_adsp9960.o(.text)
    getAmbientLightIntEnable                 0x0800308b   Thumb Code    34  sparkfun_adsp9960.o(.text)
    getProximityIntEnable                    0x080030ad   Thumb Code    34  sparkfun_adsp9960.o(.text)
    getGestureIntEnable                      0x080030cf   Thumb Code    34  sparkfun_adsp9960.o(.text)
    clearAmbientLightInt                     0x080030f1   Thumb Code    20  sparkfun_adsp9960.o(.text)
    clearProximityInt                        0x08003105   Thumb Code    20  sparkfun_adsp9960.o(.text)
    getGestureMode                           0x08003119   Thumb Code    34  sparkfun_adsp9960.o(.text)
    __aeabi_uidiv                            0x0800313b   Thumb Code     0  aeabi_sdiv.o(.text)
    __aeabi_uidivmod                         0x0800313b   Thumb Code    20  aeabi_sdiv.o(.text)
    __aeabi_idiv                             0x0800314f   Thumb Code     0  aeabi_sdiv.o(.text)
    __aeabi_idivmod                          0x0800314f   Thumb Code   326  aeabi_sdiv.o(.text)
    __use_two_region_memory                  0x08003295   Thumb Code     2  heapauxi.o(.text)
    __rt_heap_escrow$2region                 0x08003297   Thumb Code     2  heapauxi.o(.text)
    __rt_heap_expand$2region                 0x08003299   Thumb Code     2  heapauxi.o(.text)
    __user_setup_stackheap                   0x0800329b   Thumb Code    62  sys_stackheap_outer.o(.text)
    exit                                     0x080032d9   Thumb Code    12  exit.o(.text)
    __user_libspace                          0x080032e5   Thumb Code     8  libspace.o(.text)
    __user_perproc_libspace                  0x080032e5   Thumb Code     0  libspace.o(.text)
    __user_perthread_libspace                0x080032e5   Thumb Code     0  libspace.o(.text)
    _sys_exit                                0x080032ed   Thumb Code     8  sys_exit.o(.text)
    __I$use$semihosting                      0x080032f9   Thumb Code     0  use_no_semi.o(.text)
    __use_no_semihosting_swi                 0x080032f9   Thumb Code     2  use_no_semi.o(.text)
    __ARM_common_switch8                     0x080032fb   Thumb Code    28  gesture.o(i.__ARM_common_switch8)
    __semihosting_library_function           0x080032fb   Thumb Code     0  indicate_semi.o(.text)
    Region$$Table$$Base                      0x08003318   Number         0  anon$$obj.o(Region$$Table)
    Region$$Table$$Limit                     0x08003338   Number         0  anon$$obj.o(Region$$Table)
    SystemCoreClock                          0x20000000   Data           4  system_stm32f0xx.o(.data)
    AHBPrescTable                            0x20000004   Data          16  system_stm32f0xx.o(.data)
    isr_flag                                 0x20000014   Data           4  gesture.o(.data)
    APDS9960_Timeout                         0x20000028   Data           4  adsp9960_platform.o(.data)
    gesture_ud_delta_                        0x2000002c   Data           4  sparkfun_adsp9960.o(.data)
    gesture_lr_delta_                        0x20000030   Data           4  sparkfun_adsp9960.o(.data)
    gesture_ud_count_                        0x20000034   Data           4  sparkfun_adsp9960.o(.data)
    gesture_lr_count_                        0x20000038   Data           4  sparkfun_adsp9960.o(.data)
    gesture_near_count_                      0x2000003c   Data           4  sparkfun_adsp9960.o(.data)
    gesture_far_count_                       0x20000040   Data           4  sparkfun_adsp9960.o(.data)
    gesture_state_                           0x20000044   Data           4  sparkfun_adsp9960.o(.data)
    gesture_motion_                          0x20000048   Data           4  sparkfun_adsp9960.o(.data)
    gesture_data_                            0x2000004c   Data         132  sparkfun_adsp9960.o(.bss)
    __libspace_start                         0x200000d0   Data          96  libspace.o(.bss)
    __temporary_stack_top$libspace           0x20000130   Data           0  libspace.o(.bss)



==============================================================================

Memory Map of the image

  Image Entry point : 0x080000b5

  Load Region LR_IROM1 (Base: 0x08000000, Size: 0x00003384, Max: 0x00010000, ABSOLUTE)

    Execution Region ER_IROM1 (Base: 0x08000000, Size: 0x00003338, Max: 0x00010000, ABSOLUTE)

    Base Addr    Size         Type   Attr      Idx    E Section Name        Object

    0x08000000   0x000000b4   Data   RO            3    RESET               startup_stm32f030.o
    0x080000b4   0x00000008   Code   RO          437  * !!!main             c_p.l(__main.o)
    0x080000bc   0x0000003c   Code   RO          605    !!!scatter          c_p.l(__scatter.o)
    0x080000f8   0x0000001a   Code   RO          607    !!handler_copy      c_p.l(__scatter_copy.o)
    0x08000112   0x00000002   PAD
    0x08000114   0x0000001c   Code   RO          609    !!handler_zi        c_p.l(__scatter_zi.o)
    0x08000130   0x00000002   Code   RO          475    .ARM.Collect$$libinit$$00000000  c_p.l(libinit.o)
    0x08000132   0x00000000   Code   RO          489    .ARM.Collect$$libinit$$00000002  c_p.l(libinit2.o)
    0x08000132   0x00000000   Code   RO          491    .ARM.Collect$$libinit$$00000004  c_p.l(libinit2.o)
    0x08000132   0x00000000   Code   RO          494    .ARM.Collect$$libinit$$0000000A  c_p.l(libinit2.o)
    0x08000132   0x00000000   Code   RO          496    .ARM.Collect$$libinit$$0000000C  c_p.l(libinit2.o)
    0x08000132   0x00000000   Code   RO          498    .ARM.Collect$$libinit$$0000000E  c_p.l(libinit2.o)
    0x08000132   0x00000000   Code   RO          501    .ARM.Collect$$libinit$$00000011  c_p.l(libinit2.o)
    0x08000132   0x00000000   Code   RO          503    .ARM.Collect$$libinit$$00000013  c_p.l(libinit2.o)
    0x08000132   0x00000000   Code   RO          505    .ARM.Collect$$libinit$$00000015  c_p.l(libinit2.o)
    0x08000132   0x00000000   Code   RO          507    .ARM.Collect$$libinit$$00000017  c_p.l(libinit2.o)
    0x08000132   0x00000000   Code   RO          509    .ARM.Collect$$libinit$$00000019  c_p.l(libinit2.o)
    0x08000132   0x00000000   Code   RO          511    .ARM.Collect$$libinit$$0000001B  c_p.l(libinit2.o)
    0x08000132   0x00000000   Code   RO          513    .ARM.Collect$$libinit$$0000001D  c_p.l(libinit2.o)
    0x08000132   0x00000000   Code   RO          515    .ARM.Collect$$libinit$$0000001F  c_p.l(libinit2.o)
    0x08000132   0x00000000   Code   RO          517    .ARM.Collect$$libinit$$00000021  c_p.l(libinit2.o)
    0x08000132   0x00000000   Code   RO          519    .ARM.Collect$$libinit$$00000023  c_p.l(libinit2.o)
    0x08000132   0x00000000   Code   RO          521    .ARM.Collect$$libinit$$00000025  c_p.l(libinit2.o)
    0x08000132   0x00000000   Code   RO          525    .ARM.Collect$$libinit$$0000002C  c_p.l(libinit2.o)
    0x08000132   0x00000000   Code   RO          527    .ARM.Collect$$libinit$$0000002E  c_p.l(libinit2.o)
    0x08000132   0x00000000   Code   RO          529    .ARM.Collect$$libinit$$00000030  c_p.l(libinit2.o)
    0x08000132   0x00000000   Code   RO          531    .ARM.Collect$$libinit$$00000032  c_p.l(libinit2.o)
    0x08000132   0x00000002   Code   RO          532    .ARM.Collect$$libinit$$00000033  c_p.l(libinit2.o)
    0x08000134   0x00000002   Code   RO          563    .ARM.Collect$$libshutdown$$00000000  c_p.l(libshutdown.o)
    0x08000136   0x00000000   Code   RO          590    .ARM.Collect$$libshutdown$$00000003  c_p.l(libshutdown2.o)
    0x08000136   0x00000000   Code   RO          593    .ARM.Collect$$libshutdown$$00000006  c_p.l(libshutdown2.o)
    0x08000136   0x00000000   Code   RO          596    .ARM.Collect$$libshutdown$$00000009  c_p.l(libshutdown2.o)
    0x08000136   0x00000000   Code   RO          598    .ARM.Collect$$libshutdown$$0000000B  c_p.l(libshutdown2.o)
    0x08000136   0x00000000   Code   RO          601    .ARM.Collect$$libshutdown$$0000000E  c_p.l(libshutdown2.o)
    0x08000136   0x00000002   Code   RO          602    .ARM.Collect$$libshutdown$$0000000F  c_p.l(libshutdown2.o)
    0x08000138   0x00000000   Code   RO          439    .ARM.Collect$$rtentry$$00000000  c_p.l(__rtentry.o)
    0x08000138   0x00000000   Code   RO          445    .ARM.Collect$$rtentry$$00000002  c_p.l(__rtentry2.o)
    0x08000138   0x00000006   Code   RO          457    .ARM.Collect$$rtentry$$00000004  c_p.l(__rtentry4.o)
    0x0800013e   0x00000000   Code   RO          447    .ARM.Collect$$rtentry$$00000009  c_p.l(__rtentry2.o)
    0x0800013e   0x00000004   Code   RO          448    .ARM.Collect$$rtentry$$0000000A  c_p.l(__rtentry2.o)
    0x08000142   0x00000000   Code   RO          450    .ARM.Collect$$rtentry$$0000000C  c_p.l(__rtentry2.o)
    0x08000142   0x00000008   Code   RO          451    .ARM.Collect$$rtentry$$0000000D  c_p.l(__rtentry2.o)
    0x0800014a   0x00000002   Code   RO          480    .ARM.Collect$$rtexit$$00000000  c_p.l(rtexit.o)
    0x0800014c   0x00000000   Code   RO          536    .ARM.Collect$$rtexit$$00000002  c_p.l(rtexit2.o)
    0x0800014c   0x00000004   Code   RO          537    .ARM.Collect$$rtexit$$00000003  c_p.l(rtexit2.o)
    0x08000150   0x00000006   Code   RO          538    .ARM.Collect$$rtexit$$00000004  c_p.l(rtexit2.o)
    0x08000156   0x00000002   PAD
    0x08000158   0x00000038   Code   RO            4    .text               startup_stm32f030.o
    0x08000190   0x000001f8   Code   RO           12    .text               system_stm32f0xx.o
    0x08000388   0x00000028   Code   RO          120    .text               stm32f0xx_it.o
    0x080003b0   0x00000160   Code   RO          174    .text               gesture.o
    0x08000510   0x0000060c   Code   RO          199    .text               stm32f0xx_rcc.o
    0x08000b1c   0x000000f8   Code   RO          221    .text               stm32f0xx_exti.o
    0x08000c14   0x000001f0   Code   RO          241    .text               stm32f0xx_gpio.o
    0x08000e04   0x00000496   Code   RO          261    .text               stm32f0xx_i2c.o
    0x0800129a   0x00000002   PAD
    0x0800129c   0x000000f0   Code   RO          281    .text               stm32f0xx_syscfg.o
    0x0800138c   0x0000054c   Code   RO          301    .text               stm32f0xx_usart.o
    0x080018d8   0x000000b4   Code   RO          321    .text               stm32f0xx_misc.o
    0x0800198c   0x000000e8   Code   RO          361    .text               uart.o
    0x08001a74   0x00000524   Code   RO          384    .text               adsp9960_platform.o
    0x08001f98   0x000011a2   Code   RO          407    .text               sparkfun_adsp9960.o
    0x0800313a   0x0000015a   Code   RO          431    .text               c_p.l(aeabi_sdiv.o)
    0x08003294   0x00000006   Code   RO          435    .text               c_p.l(heapauxi.o)
    0x0800329a   0x0000003e   Code   RO          461    .text               c_p.l(sys_stackheap_outer.o)
    0x080032d8   0x0000000c   Code   RO          464    .text               c_p.l(exit.o)
    0x080032e4   0x00000008   Code   RO          476    .text               c_p.l(libspace.o)
    0x080032ec   0x0000000c   Code   RO          533    .text               c_p.l(sys_exit.o)
    0x080032f8   0x00000002   Code   RO          552    .text               c_p.l(use_no_semi.o)
    0x080032fa   0x00000000   Code   RO          554    .text               c_p.l(indicate_semi.o)
    0x080032fa   0x0000001c   Code   RO          192    i.__ARM_common_switch8  gesture.o
    0x08003316   0x00000002   PAD
    0x08003318   0x00000020   Data   RO          603    Region$$Table       anon$$obj.o


    Execution Region RW_IRAM1 (Base: 0x20000000, Size: 0x00000730, Max: 0x00002000, ABSOLUTE)

    Base Addr    Size         Type   Attr      Idx    E Section Name        Object

    0x20000000   0x00000014   Data   RW           13    .data               system_stm32f0xx.o
    0x20000014   0x00000004   Data   RW          175    .data               gesture.o
    0x20000018   0x00000010   Data   RW          200    .data               stm32f0xx_rcc.o
    0x20000028   0x00000004   Data   RW          385    .data               adsp9960_platform.o
    0x2000002c   0x00000020   Data   RW          409    .data               sparkfun_adsp9960.o
    0x2000004c   0x00000084   Zero   RW          408    .bss                sparkfun_adsp9960.o
    0x200000d0   0x00000060   Zero   RW          477    .bss                c_p.l(libspace.o)
    0x20000130   0x00000200   Zero   RW            2    HEAP                startup_stm32f030.o
    0x20000330   0x00000400   Zero   RW            1    STACK               startup_stm32f030.o


==============================================================================

Image component sizes


      Code (inc. data)   RO Data    RW Data    ZI Data      Debug   Object Name

      1316         34          0          4          0       3923   adsp9960_platform.o
       380         90          0          4          0       1256   gesture.o
      4514         82          0         32        132      18581   sparkfun_adsp9960.o
        56         26        180          0       1536        740   startup_stm32f030.o
       248         12          0          0          0       2259   stm32f0xx_exti.o
       496         22          0          0          0       3725   stm32f0xx_gpio.o
      1174         24          0          0          0       9858   stm32f0xx_i2c.o
        40          4          0          0          0       4294   stm32f0xx_it.o
       180         14          0          0          0       1412   stm32f0xx_misc.o
      1548         42          0         16          0       8642   stm32f0xx_rcc.o
       240          4          0          0          0       2022   stm32f0xx_syscfg.o
      1356         16          0          0          0      11858   stm32f0xx_usart.o
       504         34          0         20          0     198679   system_stm32f0xx.o
       232         10          0          0          0       1138   uart.o

    ----------------------------------------------------------------------
     12288        414        212         76       1668     268387   Object Totals
         0          0         32          0          0          0   (incl. Generated)
         4          0          0          0          0          0   (incl. Padding)

    ----------------------------------------------------------------------

      Code (inc. data)   RO Data    RW Data    ZI Data      Debug   Library Member Name

         8          0          0          0          0         68   __main.o
         0          0          0          0          0          0   __rtentry.o
        12          0          0          0          0          0   __rtentry2.o
         6          0          0          0          0          0   __rtentry4.o
        60          8          0          0          0          0   __scatter.o
        26          0          0          0          0          0   __scatter_copy.o
        28          0          0          0          0          0   __scatter_zi.o
       346          0          0          0          0         92   aeabi_sdiv.o
        12          0          0          0          0         64   exit.o
         6          0          0          0          0        136   heapauxi.o
         0          0          0          0          0          0   indicate_semi.o
         2          0          0          0          0          0   libinit.o
         2          0          0          0          0          0   libinit2.o
         2          0          0          0          0          0   libshutdown.o
         2          0          0          0          0          0   libshutdown2.o
         8          4          0          0         96         68   libspace.o
         2          0          0          0          0          0   rtexit.o
        10          0          0          0          0          0   rtexit2.o
        12          4          0          0          0         60   sys_exit.o
        62          0          0          0          0         80   sys_stackheap_outer.o
         2          0          0          0          0         68   use_no_semi.o

    ----------------------------------------------------------------------
       612         16          0          0         96        636   Library Totals
         4          0          0          0          0          0   (incl. Padding)

    ----------------------------------------------------------------------

      Code (inc. data)   RO Data    RW Data    ZI Data      Debug   Library Name

       608         16          0          0         96        636   c_p.l

    ----------------------------------------------------------------------
       612         16          0          0         96        636   Library Totals

    ----------------------------------------------------------------------

==============================================================================


      Code (inc. data)   RO Data    RW Data    ZI Data      Debug   

     12900        430        212         76       1764     267603   Grand Totals
     12900        430        212         76       1764     267603   ELF Image Totals
     12900        430        212         76          0          0   ROM Totals

==============================================================================

    Total RO  Size (Code + RO Data)                13112 (  12.80kB)
    Total RW  Size (RW Data + ZI Data)              1840 (   1.80kB)
    Total ROM Size (Code + RO Data + RW Data)      13188 (  12.88kB)

==============================================================================

