BL51 BANKED LINKER/LOCATER V6.22                                                        05/16/2018  14:34:37  PAGE 1


BL51 BANKED LINKER/LOCATER V6.22, INVOKED BY:
C:\KEIL\C51\BIN\BL51.EXE STARTUP.obj, main.obj TO led_test RAMSIZE (256)


MEMORY MODEL: SMALL


INPUT MODULES INCLUDED:
  STARTUP.obj (?C_STARTUP)
  main.obj (MAIN)
  C:\KEIL\C51\LIB\C51S.LIB (?C_INIT)
  C:\KEIL\C51\LIB\C51S.LIB (?C?COPY)
  C:\KEIL\C51\LIB\C51S.LIB (?C?CLDPTR)
  C:\KEIL\C51\LIB\C51S.LIB (?C?ISTPTR)


LINK MAP OF MODULE:  led_test (?C_STARTUP)


            TYPE    BASE      LENGTH    RELOCATION   SEGMENT NAME
            -----------------------------------------------------

            * * * * * * *   D A T A   M E M O R Y   * * * * * * *
            REG     0000H     0008H     ABSOLUTE     "REG BANK 0"
            DATA    0008H     0010H     UNIT         _DATA_GROUP_
            DATA    0018H     0002H     UNIT         ?DT?MAIN
            IDATA   001AH     0001H     UNIT         ?STACK

            * * * * * * *   C O D E   M E M O R Y   * * * * * * *
            CODE    0000H     0003H     ABSOLUTE     
            CODE    0003H     012EH     UNIT         ?C?LIB_CODE
            CODE    0131H     008CH     UNIT         ?C_C51STARTUP
            CODE    01BDH     0053H     UNIT         ?PR?_SERIESWDATA?MAIN
            CODE    0210H     0033H     UNIT         ?PR?MAIN?MAIN
            CODE    0243H     0030H     UNIT         ?PR?CLEARALL?MAIN
            CODE    0273H     0028H     UNIT         ?PR?_DISPLAY2?MAIN
            CODE    029BH     0028H     UNIT         ?PR?_KEY_READ?MAIN
            CODE    02C3H     0027H     UNIT         ?PR?_WONEBYTE?MAIN
            CODE    02EAH     0027H     UNIT         ?PR?RONEBYTE?MAIN
            CODE    0311H     0008H     UNIT         ?CO?MAIN
            CODE    0319H     0005H     UNIT         ?C_INITSEG



OVERLAY MAP OF MODULE:   led_test (?C_STARTUP)


SEGMENT                          DATA_GROUP 
  +--> CALLED SEGMENT          START    LENGTH
----------------------------------------------
?C_C51STARTUP                  -----    -----
  +--> ?PR?MAIN?MAIN
  +--> ?C_INITSEG

?PR?MAIN?MAIN                  0008H    000AH
  +--> ?CO?MAIN
  +--> ?PR?_SERIESWDATA?MAIN

BL51 BANKED LINKER/LOCATER V6.22                                                      05/16/2018  14:34:37  PAGE 2


?PR?_SERIESWDATA?MAIN          0012H    0006H
  +--> ?PR?_WONEBYTE?MAIN



SYMBOL TABLE OF MODULE:  led_test (?C_STARTUP)

  VALUE           TYPE          NAME
  ----------------------------------

  -------         MODULE        ?C_STARTUP
  C:0131H         SEGMENT       ?C_C51STARTUP
  I:001AH         SEGMENT       ?STACK
  C:0000H         PUBLIC        ?C_STARTUP
  D:00E0H         SYMBOL        ACC
  D:00F0H         SYMBOL        B
  D:0083H         SYMBOL        DPH
  D:0082H         SYMBOL        DPL
  N:0000H         SYMBOL        IBPSTACK
  N:0100H         SYMBOL        IBPSTACKTOP
  N:0080H         SYMBOL        IDATALEN
  C:0134H         SYMBOL        IDATALOOP
  N:0000H         SYMBOL        PBPSTACK
  N:0100H         SYMBOL        PBPSTACKTOP
  N:0000H         SYMBOL        PDATALEN
  N:0000H         SYMBOL        PDATASTART
  N:0000H         SYMBOL        PPAGE
  N:0000H         SYMBOL        PPAGEENABLE
  D:00A0H         SYMBOL        PPAGE_SFR
  D:0081H         SYMBOL        SP
  C:0131H         SYMBOL        STARTUP1
  N:0000H         SYMBOL        XBPSTACK
  N:0000H         SYMBOL        XBPSTACKTOP
  N:0000H         SYMBOL        XDATALEN
  N:0000H         SYMBOL        XDATASTART
  C:0000H         LINE#         126
  C:0131H         LINE#         133
  C:0133H         LINE#         134
  C:0134H         LINE#         135
  C:0135H         LINE#         136
  C:0137H         LINE#         185
  C:013AH         LINE#         196
  -------         ENDMOD        ?C_STARTUP

  -------         MODULE        MAIN
  C:0000H         SYMBOL        _ICE_DUMMY_
  D:0080H         PUBLIC        P0
  D:0090H         PUBLIC        P1
  D:00A0H         PUBLIC        P2
  C:0243H         PUBLIC        ClearAll
  C:029BH         PUBLIC        _Key_Read
  D:00A8H         PUBLIC        IE
  D:00B8H         PUBLIC        IP
  D:00A2H         PUBLIC        P2PH
  C:0210H         PUBLIC        main
  C:0273H         PUBLIC        _display2
  D:0098H         PUBLIC        SCON
BL51 BANKED LINKER/LOCATER V6.22                                                      05/16/2018  14:34:37  PAGE 3


  D:0088H         PUBLIC        TCON
  C:0311H         SYMBOL        _?ix1000
  C:01C9H         PUBLIC        _SeriesWData
  C:02EAH         PUBLIC        Ronebyte
  C:02C3H         PUBLIC        _Wonebyte
  D:00A1H         PUBLIC        P2CON
  D:00C8H         PUBLIC        T2CON
  D:00D0H         PUBLIC        PSW
  -------         PROC          _WONEBYTE
  D:0007H         SYMBOL        input
  -------         DO            
  D:0006H         SYMBOL        i
  -------         ENDDO         
  C:02C3H         LINE#         31
  C:02C3H         LINE#         32
  C:02C3H         LINE#         34
  C:02C6H         LINE#         35
  C:02C7H         LINE#         36
  C:02C8H         LINE#         37
  C:02CBH         LINE#         39
  C:02CDH         LINE#         40
  C:02D0H         LINE#         41
  C:02DAH         LINE#         42
  C:02DEH         LINE#         44
  C:02E1H         LINE#         45
  C:02E5H         LINE#         46
  C:02E9H         LINE#         47
  -------         ENDPROC       _WONEBYTE
  -------         PROC          RONEBYTE
  -------         DO            
  D:0006H         SYMBOL        i
  D:0007H         SYMBOL        out
  -------         ENDDO         
  C:02EAH         LINE#         53
  C:02EAH         LINE#         54
  C:02EAH         LINE#         55
  C:02ECH         LINE#         57
  C:02EFH         LINE#         58
  C:02F2H         LINE#         59
  C:02F3H         LINE#         60
  C:02F4H         LINE#         61
  C:02F5H         LINE#         62
  C:02F6H         LINE#         63
  C:02F9H         LINE#         65
  C:02FAH         LINE#         66
  C:02FDH         LINE#         67
  C:0301H         LINE#         68
  C:0306H         LINE#         69
  C:0309H         LINE#         70
  C:0309H         LINE#         72
  C:030CH         LINE#         73
  C:0310H         LINE#         74
  C:0310H         LINE#         75
  -------         ENDPROC       RONEBYTE
  -------         PROC          _DISPLAY2
  D:0004H         SYMBOL        adress
  D:0005H         SYMBOL        input
BL51 BANKED LINKER/LOCATER V6.22                                                      05/16/2018  14:34:37  PAGE 4


  C:0273H         LINE#         81
  C:0275H         LINE#         82
  C:0275H         LINE#         83
  C:0278H         LINE#         84
  C:027BH         LINE#         85
  C:027EH         LINE#         86
  C:0281H         LINE#         88
  C:0286H         LINE#         89
  C:0289H         LINE#         90
  C:028BH         LINE#         91
  C:0290H         LINE#         92
  C:0295H         LINE#         93
  C:0298H         LINE#         94
  C:029AH         LINE#         96
  -------         ENDPROC       _DISPLAY2
  -------         PROC          L?0025
  -------         ENDPROC       L?0025
  -------         PROC          _SERIESWDATA
  D:0005H         SYMBOL        starAddres
  D:0001H         SYMBOL        input
  D:0016H         SYMBOL        len
  D:0017H         SYMBOL        level
  -------         DO            
  D:0004H         SYMBOL        i
  -------         ENDDO         
  C:01C9H         LINE#         106
  C:01CBH         LINE#         107
  C:01CBH         LINE#         108
  C:01CDH         LINE#         109
  C:01D0H         LINE#         114
  C:01D5H         LINE#         115
  C:01D8H         LINE#         116
  C:01DDH         LINE#         119
  C:01E3H         LINE#         120
  C:01E3H         LINE#         121
  C:01ECH         LINE#         122
  C:01F6H         LINE#         123
  C:01FDH         LINE#         124
  C:0200H         LINE#         125
  C:0203H         LINE#         126
  C:0205H         LINE#         127
  C:020AH         LINE#         128
  C:020DH         LINE#         129
  C:020FH         LINE#         131
  -------         ENDPROC       _SERIESWDATA
  -------         PROC          CLEARALL
  -------         DO            
  D:0005H         SYMBOL        i
  -------         ENDDO         
  C:0243H         LINE#         143
  C:0243H         LINE#         144
  C:0243H         LINE#         148
  C:0246H         LINE#         149
  C:0249H         LINE#         150
  C:024CH         LINE#         151
  C:024FH         LINE#         153
  C:0254H         LINE#         154
BL51 BANKED LINKER/LOCATER V6.22                                                      05/16/2018  14:34:37  PAGE 5


  C:0257H         LINE#         155
  C:025CH         LINE#         157
  C:025EH         LINE#         158
  C:0267H         LINE#         160
  C:026AH         LINE#         161
  C:026FH         LINE#         162
  C:0272H         LINE#         163
  -------         ENDPROC       CLEARALL
  -------         PROC          _KEY_READ
  D:0001H         SYMBOL        key
  -------         DO            
  D:0005H         SYMBOL        key1
  D:0007H         SYMBOL        key2
  -------         ENDDO         
  C:029BH         LINE#         170
  C:029BH         LINE#         171
  C:029BH         LINE#         172
  C:029DH         LINE#         173
  C:02A0H         LINE#         174
  C:02A3H         LINE#         176
  C:02A8H         LINE#         177
  C:02ABH         LINE#         178
  C:02AEH         LINE#         179
  C:02B3H         LINE#         180
  C:02B6H         LINE#         182
  C:02BFH         LINE#         183
  C:02C2H         LINE#         185
  -------         ENDPROC       _KEY_READ
  -------         PROC          MAIN
  -------         DO            
  D:0008H         SYMBOL        x
  D:0010H         SYMBOL        key_test
  D:0018H         SYMBOL        i
  -------         ENDDO         
  C:0210H         LINE#         190
  C:0210H         LINE#         191
  C:0210H         LINE#         192
  C:0223H         LINE#         193
  C:0228H         LINE#         195
  C:022EH         LINE#         196
  C:0231H         LINE#         197
  C:0234H         LINE#         198
  C:0237H         LINE#         199
  C:023BH         LINE#         200
  C:023BH         LINE#         201
  C:023BH         LINE#         202
  C:0240H         LINE#         220
  C:0241H         LINE#         221
  -------         ENDPROC       MAIN
  -------         ENDMOD        MAIN

  -------         MODULE        ?C?COPY
  C:00D3H         PUBLIC        ?C?COPY
  -------         ENDMOD        ?C?COPY

  -------         MODULE        ?C?CLDPTR
  C:00F9H         PUBLIC        ?C?CLDPTR
BL51 BANKED LINKER/LOCATER V6.22                                                      05/16/2018  14:34:37  PAGE 6


  -------         ENDMOD        ?C?CLDPTR

  -------         MODULE        ?C?ISTPTR
  C:0112H         PUBLIC        ?C?ISTPTR
  -------         ENDMOD        ?C?ISTPTR

*** WARNING L16: UNCALLED SEGMENT, IGNORED FOR OVERLAY PROCESS
    SEGMENT: ?PR?_DISPLAY2?MAIN

*** WARNING L16: UNCALLED SEGMENT, IGNORED FOR OVERLAY PROCESS
    SEGMENT: ?PR?CLEARALL?MAIN

*** WARNING L16: UNCALLED SEGMENT, IGNORED FOR OVERLAY PROCESS
    SEGMENT: ?PR?_KEY_READ?MAIN

Program Size: data=27.0 xdata=0 code=798
LINK/LOCATE RUN COMPLETE.  3 WARNING(S),  0 ERROR(S)
