###############################################################################
#
# IAR ELF Linker V2.20.1.176 for STM8                     06/Jun/2018  12:25:08
# Copyright 2010-2015 IAR Systems AB.
#
#    Output file  =  
#        F:\201803_project\ftl_project_keil\APDS9960\APDS9960\APDS9960\adps9960iic\Debug\Exe\XiangRui_STM8L15x_Library.out
#    Map file     =  
#        F:\201803_project\ftl_project_keil\APDS9960\APDS9960\APDS9960\adps9960iic\Debug\List\XiangRui_STM8L15x_Library.map
#    Command line =  
#        F:\201803_project\ftl_project_keil\APDS9960\APDS9960\APDS9960\adps9960iic\Debug\Obj\ADPS9960.o
#        F:\201803_project\ftl_project_keil\APDS9960\APDS9960\APDS9960\adps9960iic\Debug\Obj\main.o
#        F:\201803_project\ftl_project_keil\APDS9960\APDS9960\APDS9960\adps9960iic\Debug\Obj\stm8l15x_adc.o
#        F:\201803_project\ftl_project_keil\APDS9960\APDS9960\APDS9960\adps9960iic\Debug\Obj\stm8l15x_aes.o
#        F:\201803_project\ftl_project_keil\APDS9960\APDS9960\APDS9960\adps9960iic\Debug\Obj\stm8l15x_beep.o
#        F:\201803_project\ftl_project_keil\APDS9960\APDS9960\APDS9960\adps9960iic\Debug\Obj\stm8l15x_clk.o
#        F:\201803_project\ftl_project_keil\APDS9960\APDS9960\APDS9960\adps9960iic\Debug\Obj\stm8l15x_comp.o
#        F:\201803_project\ftl_project_keil\APDS9960\APDS9960\APDS9960\adps9960iic\Debug\Obj\stm8l15x_dac.o
#        F:\201803_project\ftl_project_keil\APDS9960\APDS9960\APDS9960\adps9960iic\Debug\Obj\stm8l15x_dma.o
#        F:\201803_project\ftl_project_keil\APDS9960\APDS9960\APDS9960\adps9960iic\Debug\Obj\stm8l15x_exti.o
#        F:\201803_project\ftl_project_keil\APDS9960\APDS9960\APDS9960\adps9960iic\Debug\Obj\stm8l15x_flash.o
#        F:\201803_project\ftl_project_keil\APDS9960\APDS9960\APDS9960\adps9960iic\Debug\Obj\stm8l15x_gpio.o
#        F:\201803_project\ftl_project_keil\APDS9960\APDS9960\APDS9960\adps9960iic\Debug\Obj\stm8l15x_i2c.o
#        F:\201803_project\ftl_project_keil\APDS9960\APDS9960\APDS9960\adps9960iic\Debug\Obj\stm8l15x_it.o
#        F:\201803_project\ftl_project_keil\APDS9960\APDS9960\APDS9960\adps9960iic\Debug\Obj\stm8l15x_itc.o
#        F:\201803_project\ftl_project_keil\APDS9960\APDS9960\APDS9960\adps9960iic\Debug\Obj\stm8l15x_iwdg.o
#        F:\201803_project\ftl_project_keil\APDS9960\APDS9960\APDS9960\adps9960iic\Debug\Obj\stm8l15x_pwr.o
#        F:\201803_project\ftl_project_keil\APDS9960\APDS9960\APDS9960\adps9960iic\Debug\Obj\stm8l15x_rst.o
#        F:\201803_project\ftl_project_keil\APDS9960\APDS9960\APDS9960\adps9960iic\Debug\Obj\stm8l15x_rtc.o
#        F:\201803_project\ftl_project_keil\APDS9960\APDS9960\APDS9960\adps9960iic\Debug\Obj\stm8l15x_spi.o
#        F:\201803_project\ftl_project_keil\APDS9960\APDS9960\APDS9960\adps9960iic\Debug\Obj\stm8l15x_syscfg.o
#        F:\201803_project\ftl_project_keil\APDS9960\APDS9960\APDS9960\adps9960iic\Debug\Obj\stm8l15x_tim1.o
#        F:\201803_project\ftl_project_keil\APDS9960\APDS9960\APDS9960\adps9960iic\Debug\Obj\stm8l15x_tim2.o
#        F:\201803_project\ftl_project_keil\APDS9960\APDS9960\APDS9960\adps9960iic\Debug\Obj\stm8l15x_tim3.o
#        F:\201803_project\ftl_project_keil\APDS9960\APDS9960\APDS9960\adps9960iic\Debug\Obj\stm8l15x_tim4.o
#        F:\201803_project\ftl_project_keil\APDS9960\APDS9960\APDS9960\adps9960iic\Debug\Obj\stm8l15x_tim5.o
#        F:\201803_project\ftl_project_keil\APDS9960\APDS9960\APDS9960\adps9960iic\Debug\Obj\stm8l15x_usart.o
#        F:\201803_project\ftl_project_keil\APDS9960\APDS9960\APDS9960\adps9960iic\Debug\Obj\stm8l15x_wwdg.o
#        F:\201803_project\ftl_project_keil\APDS9960\APDS9960\APDS9960\adps9960iic\Debug\Obj\tm1639.o
#        -o
#        F:\201803_project\ftl_project_keil\APDS9960\APDS9960\APDS9960\adps9960iic\Debug\Exe\XiangRui_STM8L15x_Library.out
#        --map
#        F:\201803_project\ftl_project_keil\APDS9960\APDS9960\APDS9960\adps9960iic\Debug\List\XiangRui_STM8L15x_Library.map
#        --config E:\IAR_STM8\stm8\config\lnkstm8l151k4.icf --config_def
#        _CSTACK_SIZE=0x100 --config_def _HEAP_SIZE=0x100 --entry
#        __iar_program_start --debug_lib
#
###############################################################################

*******************************************************************************
*** RUNTIME MODEL ATTRIBUTES
***

__Heap_Handler             = Basic
__SystemLibrary            = DLib
__code_model               = small
__core                     = stm8
__data_model               = medium
__dlib_file_descriptor     = 1
__dlib_full_locale_support = 1
__rt_version               = 4


*******************************************************************************
*** PLACEMENT SUMMARY
***

"A1":  place at start of [0x000000-0x0000ff] { rw section .vregs };
"A2":  place at end of [0x000000-0x0007ff] { block CSTACK };
"P2":  place in [from 0x000000 to 0x0007ff] {
          block HEAP, rw section __DLIB_PERTHREAD, rw section .far.bss,
          rw section .far.data, rw section .far.noinit,
          rw section .far_func.textrw, rw section .huge.bss,
          rw section .huge.data, rw section .huge.noinit,
          rw section .huge_func.textrw, rw section .iar.dynexit,
          rw section .near.bss, rw section .near.data, rw section .near.noinit,
          rw section .near_func.textrw };
"A3":  place at start of [0x008000-0x00bfff] { block INTVEC };
"P3":  place in [from 0x008000 to 0x00bfff] {
          ro section __DLIB_PERTHREAD_init, ro section .far.data_init,
          ro section .far_func.textrw_init, ro section .huge.data_init,
          ro section .huge_func.textrw_init, ro section .iar.init_table,
          ro section .init_array, ro section .near.data_init,
          ro section .near.rodata, ro section .near_func.text,
          ro section .near_func.textrw_init, ro section .tiny.data_init,
          ro section .tiny.rodata_init };

  Section            Kind      Address    Size  Object
  -------            ----      -------    ----  ------
"A1":                                     0x10
  .vregs             uninit   0x000000    0x10  vregs.o [4]
                            - 0x000010    0x10

"P2", part 1 of 2:                        0x28
  P2-1                        0x000010    0x28  <Init block>
    .near.data       inited   0x000010    0x28  xfiles.o [4]
                            - 0x000038    0x28

"P2", part 2 of 2:                        0xbb
  .near.bss          zero     0x000038    0x64  stm8l15x_it.o [1]
  .near.bss          zero     0x00009c    0x50  xfiles.o [4]
  .near.bss          zero     0x0000ec     0x2  stm8l15x_it.o [1]
  .near.bss          zero     0x0000ee     0x2  stm8l15x_it.o [1]
  .near.bss          zero     0x0000f0     0x1  main.o [1]
  .near.bss          zero     0x0000f1     0x1  main.o [1]
  .near.bss          zero     0x0000f2     0x1  stm8l15x_it.o [1]
                            - 0x0000f3    0xbb

"A2":                                    0x100
  CSTACK                      0x000700   0x100  <Block>
    CSTACK           uninit   0x000700   0x100  <Block tail>
                            - 0x000800   0x100

"A3":                                     0x80
  INTVEC                      0x008000    0x80  <Block>
    .intvec          const    0x008000    0x80  interrupt.o [4]
                            - 0x008080    0x80

"P3":                                   0x19a8
  .near_func.text    ro code  0x008080   0x291  ADPS9960.o [1]
  .near_func.text    ro code  0x008311   0x197  xprintftiny.o [4]
  .near_func.text    ro code  0x0084a8    0xea  vreg_util.o [4]
  .near_func.text    ro code  0x008592    0xd8  ADPS9960.o [1]
  .near_func.text    ro code  0x00866a    0xce  stm8l15x_usart.o [1]
  .near_func.text    ro code  0x008738    0xcd  main.o [1]
  .near_func.text    ro code  0x008805    0xaf  stm8l15x_gpio.o [1]
  .near_func.text    ro code  0x0088b4    0xa9  stm8l15x_usart.o [1]
  .near_func.text    ro code  0x00895d    0x97  stm8l15x_it.o [1]
  .near_func.text    ro code  0x0089f4    0x94  stm8l15x_usart.o [1]
  .near_func.text    ro code  0x008a88    0x89  stm8l15x_clk.o [1]
  .near_func.text    ro code  0x008b11    0x74  ADPS9960.o [1]
  .near_func.text    ro code  0x008b85    0x72  stm8l15x_clk.o [1]
  .near_func.text    ro code  0x008bf7    0x6d  long.o [4]
  .near_func.text    ro code  0x008c64    0x69  tm1639.o [1]
  .near_func.text    ro code  0x008ccd    0x57  ADPS9960.o [1]
  .near_func.text    ro code  0x008d24    0x56  ADPS9960.o [1]
  .near_func.text    ro code  0x008d7a    0x51  ADPS9960.o [1]
  .near_func.text    ro code  0x008dcb    0x4e  ADPS9960.o [1]
  .near_func.text    ro code  0x008e19    0x4c  ADPS9960.o [1]
  .near_func.text    ro code  0x008e65    0x4c  tm1639.o [1]
  .near_func.text    ro code  0x008eb1    0x48  ADPS9960.o [1]
  .near_func.text    ro code  0x008ef9    0x48  ADPS9960.o [1]
  .near_func.text    ro code  0x008f41    0x48  ADPS9960.o [1]
  .near_func.text    ro code  0x008f89    0x48  ADPS9960.o [1]
  .near_func.text    ro code  0x008fd1    0x48  ADPS9960.o [1]
  .near_func.text    ro code  0x009019    0x47  ADPS9960.o [1]
  .near_func.text    ro code  0x009060    0x46  ADPS9960.o [1]
  .near_func.text    ro code  0x0090a6    0x41  ADPS9960.o [1]
  .near_func.text    ro code  0x0090e7    0x41  ADPS9960.o [1]
  .near_func.text    ro code  0x009128    0x3e  stm8l15x_usart.o [1]
  .near_func.text    ro code  0x009166    0x3a  main.o [1]
  .near_func.text    ro code  0x0091a0    0x38  ADPS9960.o [1]
  .near_func.text    ro code  0x0091d8    0x37  ADPS9960.o [1]
  .near_func.text    ro code  0x00920f    0x30  stm8l15x_it.o [1]
  .near_func.text    ro code  0x00923f    0x2f  stm8l15x_pwr.o [1]
  .near_func.text    ro code  0x00926e    0x2e  xprintftiny.o [4]
  .near_func.text    ro code  0x00929c    0x2c  ADPS9960.o [1]
  .near_func.text    ro code  0x0092c8    0x2c  ADPS9960.o [1]
  .near_func.text    ro code  0x0092f4    0x2a  stm8l15x_it.o [1]
  .near_func.text    ro code  0x00931e    0x29  main.o [1]
  .near_func.text    ro code  0x009347    0x28  init_small.o [4]
  Initializer bytes  const    0x00936f    0x28  <for P2-1>
  .near_func.text    ro code  0x009397    0x27  stm8l15x_pwr.o [1]
  .near_func.text    ro code  0x0093be    0x27  stm8l15x_usart.o [1]
  .near_func.text    ro code  0x0093e5    0x24  stm8l15x_tim2.o [1]
  .near_func.text    ro code  0x009409    0x24  tm1639.o [1]
  .near_func.text    ro code  0x00942d    0x22  stm8l15x_usart.o [1]
  .near_func.text    ro code  0x00944f    0x21  stm8l15x_exti.o [1]
  .iar.init_table    const    0x009470    0x12  - Linker created -
  .near_func.text    ro code  0x009482    0x20  main.o [1]
  .near_func.text    ro code  0x0094a2    0x20  printf.o [4]
  .near_func.text    ro code  0x0094c2    0x1f  stm8l15x_usart.o [1]
  .near_func.text    ro code  0x0094e1    0x1e  init_small.o [4]
  .near.rodata       const    0x0094ff    0x1c  ADPS9960.o [1]
  .near.rodata       const    0x00951b    0x1c  ADPS9960.o [1]
  .near_func.text    ro code  0x009537    0x1c  long_util.o [4]
  .near.rodata       const    0x009553    0x1b  ADPS9960.o [1]
  .near.rodata       const    0x00956e    0x1b  ADPS9960.o [1]
  .near.rodata       const    0x009589    0x1b  ADPS9960.o [1]
  .near.rodata       const    0x0095a4    0x1b  ADPS9960.o [1]
  .near_func.text    ro code  0x0095bf    0x1b  xprout.o [4]
  .near.rodata       const    0x0095da    0x19  ADPS9960.o [1]
  .near.rodata       const    0x0095f3    0x19  ADPS9960.o [1]
  .near.rodata       const    0x00960c    0x19  ADPS9960.o [1]
  .near_func.text    ro code  0x009625    0x19  stm8l15x_it.o [1]
  .near.rodata       const    0x00963e    0x18  ADPS9960.o [1]
  .near.rodata       const    0x009656    0x18  ADPS9960.o [1]
  .near.rodata       const    0x00966e    0x18  ADPS9960.o [1]
  .near.rodata       const    0x009686    0x18  ADPS9960.o [1]
  .near.rodata       const    0x00969e    0x18  ADPS9960.o [1]
  .near_func.text    ro code  0x0096b6    0x18  ADPS9960.o [1]
  .near.rodata       const    0x0096ce    0x17  ADPS9960.o [1]
  .near.rodata       const    0x0096e5    0x17  ADPS9960.o [1]
  .near.rodata       const    0x0096fc    0x17  ADPS9960.o [1]
  .near.rodata       const    0x009713    0x17  ADPS9960.o [1]
  .near.rodata       const    0x00972a    0x17  ADPS9960.o [1]
  .near.rodata       const    0x009741    0x17  main.o [1]
  .near_func.text    ro code  0x009758    0x17  ADPS9960.o [1]
  .near_func.text    ro code  0x00976f    0x17  init.o [4]
  .near.rodata       const    0x009786    0x16  ADPS9960.o [1]
  .near.rodata       const    0x00979c    0x16  ADPS9960.o [1]
  .near.rodata       const    0x0097b2    0x16  ADPS9960.o [1]
  .near.rodata       const    0x0097c8    0x16  ADPS9960.o [1]
  .near.rodata       const    0x0097de    0x16  ADPS9960.o [1]
  .near.rodata       const    0x0097f4    0x15  ADPS9960.o [1]
  .near.rodata       const    0x009809    0x15  ADPS9960.o [1]
  .near.rodata       const    0x00981e    0x15  ADPS9960.o [1]
  .near.rodata       const    0x009833    0x15  ADPS9960.o [1]
  .near.rodata       const    0x009848    0x15  ADPS9960.o [1]
  .near_func.text    ro code  0x00985d    0x14  __dbg_xxexit.o [3]
  .near_func.text    ro code  0x009871    0x13  stm8l15x_tim2.o [1]
  .near_func.text    ro code  0x009884    0x13  cstartup.o [4]
  .near.rodata       const    0x009897    0x12  ADPS9960.o [1]
  .near_func.text    ro code  0x0098a9    0x12  strlen.o [4]
  .near_func.text    ro code  0x0098bb    0x11  ADPS9960.o [1]
  .near.rodata       const    0x0098cc    0x10  ADPS9960.o [1]
  .near.rodata       const    0x0098dc    0x10  ADPS9960.o [1]
  .near_func.text    ro code  0x0098ec    0x10  ADPS9960.o [1]
  .near_func.text    ro code  0x0098fc    0x10  ADPS9960.o [1]
  .near_func.text    ro code  0x00990c    0x10  ADPS9960.o [1]
  .near_func.text    ro code  0x00991c    0x10  ADPS9960.o [1]
  .near_func.text    ro code  0x00992c    0x10  ADPS9960.o [1]
  .near_func.text    ro code  0x00993c     0xd  stm8l15x_clk.o [1]
  .near_func.text    ro code  0x009949     0xd  stm8l15x_tim2.o [1]
  .near_func.text    ro code  0x009956     0xd  stm8l15x_tim2.o [1]
  .near_func.text    ro code  0x009963     0xd  short.o [4]
  .near_func.text    ro code  0x009970     0xd  move.o [4]
  .near.rodata       const    0x00997d     0xb  ADPS9960.o [1]
  .near_func.text    ro code  0x009988     0xb  stm8l15x_tim2.o [1]
  .near_func.text    ro code  0x009993     0xa  stm8l15x_it.o [1]
  .near_func.text    ro code  0x00999d     0xa  stm8l15x_wwdg.o [1]
  .near.rodata       const    0x0099a7     0x8  main.o [1]
  .near_func.text    ro code  0x0099af     0x8  stm8l15x_usart.o [1]
  .near_func.text    ro code  0x0099b7     0x7  putchar.o [4]
  .near_func.text    ro code  0x0099be     0x6  char.o [4]
  .near_func.text    ro code  0x0099c4     0x6  xprintftiny.o [4]
  .near_func.text    ro code  0x0099ca     0x6  xprintftiny.o [4]
  .near.rodata       const    0x0099d0     0x5  main.o [1]
  .near.rodata       const    0x0099d5     0x5  stm8l15x_clk.o [1]
  .near_func.text    ro code  0x0099da     0x5  stm8l15x_clk.o [1]
  .near_func.text    ro code  0x0099df     0x5  stm8l15x_pwr.o [1]
  .near_func.text    ro code  0x0099e4     0x5  stm8l15x_tim2.o [1]
  .near_func.text    ro code  0x0099e9     0x5  stm8l15x_usart.o [1]
  .near_func.text    ro code  0x0099ee     0x5  cexit.o [4]
  .near_func.text    ro code  0x0099f3     0x4  stm8l15x_clk.o [1]
  .near_func.text    ro code  0x0099f7     0x4  stm8l15x_clk.o [1]
  .near_func.text    ro code  0x0099fb     0x4  stm8l15x_it.o [1]
  .near_func.text    ro code  0x0099ff     0x3  interrupt.o [4]
  .near_func.text    ro code  0x009a02     0x3  low_level_init.o [4]
  .near_func.text    ro code  0x009a05     0x3  exit.o [4]
  .near_func.text    ro code  0x009a08     0x3  unhandled_exception.o [4]
  .near.rodata       const    0x009a0b     0x2  xprintftiny.o [4]
  .near.rodata       const    0x009a0d     0x2  xprintftiny.o [4]
  .near_func.text    ro code  0x009a0f     0x1  stm8l15x_it.o [1]
  .near_func.text    ro code  0x009a10     0x1  stm8l15x_it.o [1]
  .near_func.text    ro code  0x009a11     0x1  stm8l15x_it.o [1]
  .near_func.text    ro code  0x009a12     0x1  stm8l15x_it.o [1]
  .near_func.text    ro code  0x009a13     0x1  stm8l15x_it.o [1]
  .near_func.text    ro code  0x009a14     0x1  stm8l15x_it.o [1]
  .near_func.text    ro code  0x009a15     0x1  stm8l15x_it.o [1]
  .near_func.text    ro code  0x009a16     0x1  stm8l15x_it.o [1]
  .near_func.text    ro code  0x009a17     0x1  stm8l15x_it.o [1]
  .near_func.text    ro code  0x009a18     0x1  stm8l15x_it.o [1]
  .near_func.text    ro code  0x009a19     0x1  stm8l15x_it.o [1]
  .near_func.text    ro code  0x009a1a     0x1  stm8l15x_it.o [1]
  .near_func.text    ro code  0x009a1b     0x1  stm8l15x_it.o [1]
  .near_func.text    ro code  0x009a1c     0x1  stm8l15x_it.o [1]
  .near_func.text    ro code  0x009a1d     0x1  stm8l15x_it.o [1]
  .near_func.text    ro code  0x009a1e     0x1  stm8l15x_it.o [1]
  .near_func.text    ro code  0x009a1f     0x1  stm8l15x_it.o [1]
  .near_func.text    ro code  0x009a20     0x1  stm8l15x_it.o [1]
  .near_func.text    ro code  0x009a21     0x1  stm8l15x_it.o [1]
  .near_func.text    ro code  0x009a22     0x1  stm8l15x_it.o [1]
  .near_func.text    ro code  0x009a23     0x1  stm8l15x_it.o [1]
  .near_func.text    ro code  0x009a24     0x1  stm8l15x_it.o [1]
  .near_func.text    ro code  0x009a25     0x1  stm8l15x_it.o [1]
  .near_func.text    ro code  0x009a26     0x1  stm8l15x_it.o [1]
  .near_func.text    ro code  0x009a27     0x1  __dbg_break.o [3]
                            - 0x009a28  0x19a8


*******************************************************************************
*** INIT TABLE
***

          Address   Size
          -------   ----
Zero (__iar_zero_init2)
    1 destination range, total size 0xbb:
          0x000038  0xbb

Copy (__iar_copy_init2)
    1 source range, total size 0x28:
          0x00936f  0x28
    1 destination range, total size 0x28:
          0x000010  0x28



*******************************************************************************
*** MODULE SUMMARY
***

    Module                 ro code  ro data  rw data
    ------                 -------  -------  -------
F:\201803_project\ftl_project_keil\APDS9960\APDS9960\APDS9960\adps9960iic\Debug\Obj: [1]
    ADPS9960.o               2 371      750
    main.o                     336       36        2
    stm8l15x_clk.o             277        5
    stm8l15x_exti.o             33
    stm8l15x_gpio.o            175
    stm8l15x_it.o              304               105
    stm8l15x_pwr.o              91
    stm8l15x_tim2.o             97
    stm8l15x_usart.o           702
    stm8l15x_wwdg.o             10
    tm1639.o                   217
    ------------------------------------------------
    Total:                   4 613      791      107

command line: [2]
    ------------------------------------------------
    Total:

dbgstm8smd.a: [3]
    __dbg_break.o                1
    __dbg_xxexit.o              20
    ------------------------------------------------
    Total:                      21

dlstm8smf.a: [4]
    cexit.o                      5
    char.o                       6
    cstartup.o                  19
    exit.o                       3
    init.o                      23
    init_small.o                70
    interrupt.o                  3      128
    long.o                     109
    long_util.o                 28
    low_level_init.o             3
    move.o                      13
    printf.o                    32
    putchar.o                    7
    short.o                     13
    strlen.o                    18
    unhandled_exception.o        3
    vreg_util.o                234
    vregs.o                                       16
    xfiles.o                             40      120
    xprintftiny.o              465        4
    xprout.o                    27
    ------------------------------------------------
    Total:                   1 081      172      136

    Linker created                       18      256
----------------------------------------------------
    Grand Total:             5 715      981      499


*******************************************************************************
*** ENTRY LIST
***

Entry                    Address   Size  Type      Object
-----                    -------   ----  ----      ------
.iar.init_table$$Base   0x009470          --   Gb  - Linker created -
.iar.init_table$$Limit  0x009482          --   Gb  - Linker created -
?b0                     0x000000         Data  Gb  vregs.o [4]
?b1                     0x000001         Data  Gb  vregs.o [4]
?b10                    0x00000a         Data  Gb  vregs.o [4]
?b11                    0x00000b         Data  Gb  vregs.o [4]
?b12                    0x00000c         Data  Gb  vregs.o [4]
?b13                    0x00000d         Data  Gb  vregs.o [4]
?b14                    0x00000e         Data  Gb  vregs.o [4]
?b15                    0x00000f         Data  Gb  vregs.o [4]
?b2                     0x000002         Data  Gb  vregs.o [4]
?b3                     0x000003         Data  Gb  vregs.o [4]
?b4                     0x000004         Data  Gb  vregs.o [4]
?b5                     0x000005         Data  Gb  vregs.o [4]
?b6                     0x000006         Data  Gb  vregs.o [4]
?b7                     0x000007         Data  Gb  vregs.o [4]
?b8                     0x000008         Data  Gb  vregs.o [4]
?b9                     0x000009         Data  Gb  vregs.o [4]
?e0                     0x000001         Data  Gb  vregs.o [4]
?e1                     0x000005         Data  Gb  vregs.o [4]
?e2                     0x000009         Data  Gb  vregs.o [4]
?e3                     0x00000d         Data  Gb  vregs.o [4]
?epilogue_l2            0x00854d         Code  Gb  vreg_util.o [4]
?epilogue_l2_l3         0x00854a         Code  Gb  vreg_util.o [4]
?epilogue_l2_w6         0x008551         Code  Gb  vreg_util.o [4]
?epilogue_w4            0x008558         Code  Gb  vreg_util.o [4]
?l0                     0x000000         Data  Gb  vregs.o [4]
?l1                     0x000004         Data  Gb  vregs.o [4]
?l2                     0x000008         Data  Gb  vregs.o [4]
?l3                     0x00000c         Data  Gb  vregs.o [4]
?load32_l1_0x           0x009547         Code  Gb  long_util.o [4]
?load32_l1_asp          0x00953c         Code  Gb  long_util.o [4]
?load32_l1_dbsp         0x009537         Code  Gb  long_util.o [4]
?load32_l1_xsp          0x00953e         Code  Gb  long_util.o [4]
?mov_e0_e2              0x00857b         Code  Gb  vreg_util.o [4]
?mov_e3_e0              0x008588         Code  Gb  vreg_util.o [4]
?mov_l0_l2              0x008578         Code  Gb  vreg_util.o [4]
?mov_l3_l0              0x008585         Code  Gb  vreg_util.o [4]
?mov_w0_w5              0x00855c         Code  Gb  vreg_util.o [4]
?mov_w1_w5              0x00857e         Code  Gb  vreg_util.o [4]
?mov_w2_w5              0x008563         Code  Gb  vreg_util.o [4]
?mov_w4_w1              0x00856a         Code  Gb  vreg_util.o [4]
?mov_w5_w0              0x008571         Code  Gb  vreg_util.o [4]
?mov_w7_w1              0x00858b         Code  Gb  vreg_util.o [4]
?move1616_v_x_y_a       0x009970         Code  Gb  move.o [4]
?pop_l0                 0x008516         Code  Gb  vreg_util.o [4]
?pop_l1                 0x008521         Code  Gb  vreg_util.o [4]
?pop_l2                 0x00852c         Code  Gb  vreg_util.o [4]
?pop_l3                 0x008537         Code  Gb  vreg_util.o [4]
?pop_w4                 0x0084cf         Code  Gb  vreg_util.o [4]
?pop_w6                 0x0084d6         Code  Gb  vreg_util.o [4]
?push_l0                0x0084e5         Code  Gb  vreg_util.o [4]
?push_l1                0x0084ea         Code  Gb  vreg_util.o [4]
?push_l2                0x0084ef         Code  Gb  vreg_util.o [4]
?push_l3                0x0084f4         Code  Gb  vreg_util.o [4]
?push_w0                0x0084a8         Code  Gb  vreg_util.o [4]
?push_w1                0x0084ad         Code  Gb  vreg_util.o [4]
?push_w4                0x0084b2         Code  Gb  vreg_util.o [4]
?push_w6                0x0084b7         Code  Gb  vreg_util.o [4]
?sll16_x_x_a            0x009963         Code  Gb  short.o [4]
?sll8_a_a_5             0x0099bf         Code  Gb  char.o [4]
?sll8_a_a_6             0x0099be         Code  Gb  char.o [4]
?srl16_x_x_4            0x00996b         Code  Gb  short.o [4]
?udiv32_l0_l0_l1        0x008bf7         Code  Gb  long.o [4]
?umod32_l1_l0_l1        0x008bf7         Code  Gb  long.o [4]
?w0                     0x000000         Data  Gb  vregs.o [4]
?w1                     0x000002         Data  Gb  vregs.o [4]
?w2                     0x000004         Data  Gb  vregs.o [4]
?w3                     0x000006         Data  Gb  vregs.o [4]
?w4                     0x000008         Data  Gb  vregs.o [4]
?w5                     0x00000a         Data  Gb  vregs.o [4]
?w6                     0x00000c         Data  Gb  vregs.o [4]
?w7                     0x00000e         Data  Gb  vregs.o [4]
ADC1_COMP_IRQHandler    0x009a1d    0x1  Code  Gb  stm8l15x_it.o [1]
APDS9960init            0x008080  0x291  Code  Gb  ADPS9960.o [1]
CLK_ClockSecuritySystemEnable
                        0x0099da    0x5  Code  Gb  stm8l15x_clk.o [1]
CLK_GetClockFreq        0x008b85   0x72  Code  Gb  stm8l15x_clk.o [1]
CLK_HSICmd              0x00993c    0xd  Code  Gb  stm8l15x_clk.o [1]
CLK_PeripheralClockConfig
                        0x008a88   0x89  Code  Gb  stm8l15x_clk.o [1]
CLK_SYSCLKDivConfig     0x0099f7    0x4  Code  Gb  stm8l15x_clk.o [1]
CLK_SYSCLKSourceConfig  0x0099f3    0x4  Code  Gb  stm8l15x_clk.o [1]
CSTACK$$Base            0x000700          --   Gb  - Linker created -
CSTACK$$Limit           0x000800          --   Gb  - Linker created -
Cnt_time                0x0000ec    0x2  Data  Gb  stm8l15x_it.o [1]
DMA1_CHANNEL0_1_IRQHandler
                        0x009a11    0x1  Code  Gb  stm8l15x_it.o [1]
DMA1_CHANNEL2_3_IRQHandler
                        0x009a12    0x1  Code  Gb  stm8l15x_it.o [1]
EXTI0_IRQHandler        0x009a15    0x1  Code  Gb  stm8l15x_it.o [1]
EXTI1_IRQHandler        0x009625   0x19  Code  Gb  stm8l15x_it.o [1]
EXTI2_IRQHandler        0x009a16    0x1  Code  Gb  stm8l15x_it.o [1]
EXTI3_IRQHandler        0x009a17    0x1  Code  Gb  stm8l15x_it.o [1]
EXTI4_IRQHandler        0x009a18    0x1  Code  Gb  stm8l15x_it.o [1]
EXTI5_IRQHandler        0x009a19    0x1  Code  Gb  stm8l15x_it.o [1]
EXTI6_IRQHandler        0x009a1a    0x1  Code  Gb  stm8l15x_it.o [1]
EXTI7_IRQHandler        0x009a1b    0x1  Code  Gb  stm8l15x_it.o [1]
EXTIB_IRQHandler        0x009a13    0x1  Code  Gb  stm8l15x_it.o [1]
EXTID_IRQHandler        0x009a14    0x1  Code  Gb  stm8l15x_it.o [1]
EXTIE_F_PVD_IRQHandler  0x0092f4   0x2a  Code  Gb  stm8l15x_it.o [1]
EXTI_ClearITPendingBit  0x00944f   0x21  Code  Gb  stm8l15x_exti.o [1]
FLASH_IRQHandler        0x009a10    0x1  Code  Gb  stm8l15x_it.o [1]
GPIO_Init               0x008805   0xaf  Code  Gb  stm8l15x_gpio.o [1]
I2C1_IRQHandler         0x009a26    0x1  Code  Gb  stm8l15x_it.o [1]
INTVEC$$Base            0x008000          --   Gb  - Linker created -
INTVEC$$Limit           0x008080          --   Gb  - Linker created -
InitTimer2              0x00931e   0x29  Code  Gb  main.o [1]
LCD_IRQHandler          0x009a1c    0x1  Code  Gb  stm8l15x_it.o [1]
PWR_GetFlagStatus       0x00923f   0x2f  Code  Gb  stm8l15x_pwr.o [1]
PWR_PVDClearFlag        0x0099df    0x5  Code  Gb  stm8l15x_pwr.o [1]
PWR_PVDGetITStatus      0x009397   0x27  Code  Gb  stm8l15x_pwr.o [1]
RTC_IRQHandler          0x0099fb    0x4  Code  Gb  stm8l15x_it.o [1]
Region$$Table$$Base     0x009470          --   Gb  - Linker created -
Region$$Table$$Limit    0x009482          --   Gb  - Linker created -
SPI1_IRQHandler         0x009a24    0x1  Code  Gb  stm8l15x_it.o [1]
SWITCH_CSS_BREAK_DAC_IRQHandler
                        0x009993    0xa  Code  Gb  stm8l15x_it.o [1]
SYSDivFactor            0x0099d5    0x5  Data  Gb  stm8l15x_clk.o [1]
SeriesWData             0x008c64   0x69  Code  Gb  tm1639.o [1]
Soft_I2C_Ack            0x00863a   0x30  Code  Gb  ADPS9960.o [1]
Soft_I2C_Check_Ack      0x0091a0   0x38  Code  Gb  ADPS9960.o [1]
Soft_I2C_Int            0x0085a1   0x16  Code  Gb  ADPS9960.o [1]
Soft_I2C_Read_8bit      0x008d7a   0x51  Code  Gb  ADPS9960.o [1]
Soft_I2C_Send_8bit      0x008d24   0x56  Code  Gb  ADPS9960.o [1]
Soft_I2C_Start          0x0085b7   0x3d  Code  Gb  ADPS9960.o [1]
Soft_I2C_Stop           0x0085f4   0x46  Code  Gb  ADPS9960.o [1]
TIM1_CAP_IRQHandler     0x009a22    0x1  Code  Gb  stm8l15x_it.o [1]
TIM1_UPD_OVF_TRG_COM_IRQHandler
                        0x009a21    0x1  Code  Gb  stm8l15x_it.o [1]
TIM2_ARRPreloadConfig   0x009956    0xd  Code  Gb  stm8l15x_tim2.o [1]
TIM2_CAP_IRQHandler     0x009a1e    0x1  Code  Gb  stm8l15x_it.o [1]
TIM2_ClearFlag          0x009988    0xb  Code  Gb  stm8l15x_tim2.o [1]
TIM2_ClearITPendingBit  0x0099e4    0x5  Code  Gb  stm8l15x_tim2.o [1]
TIM2_Cmd                0x009949    0xd  Code  Gb  stm8l15x_tim2.o [1]
TIM2_ITConfig           0x009871   0x13  Code  Gb  stm8l15x_tim2.o [1]
TIM2_TimeBaseInit       0x0093e5   0x24  Code  Gb  stm8l15x_tim2.o [1]
TIM2_UPD_OVF_TRG_BRK_IRQHandler
                        0x00920f   0x30  Code  Gb  stm8l15x_it.o [1]
TIM3_CAP_IRQHandler     0x009a20    0x1  Code  Gb  stm8l15x_it.o [1]
TIM3_UPD_OVF_TRG_BRK_IRQHandler
                        0x009a1f    0x1  Code  Gb  stm8l15x_it.o [1]
TIM4_UPD_OVF_TRG_IRQHandler
                        0x009a23    0x1  Code  Gb  stm8l15x_it.o [1]
TRAP_IRQHandler         0x009a0f    0x1  Code  Gb  stm8l15x_it.o [1]
Tm1639_Init             0x009409   0x24  Code  Gb  tm1639.o [1]
USART1_RX_IRQHandler    0x00895d   0x97  Code  Gb  stm8l15x_it.o [1]
USART1_TX_IRQHandler    0x009a25    0x1  Code  Gb  stm8l15x_it.o [1]
USART_ClearITPendingBit
                        0x0094c2   0x1f  Code  Gb  stm8l15x_usart.o [1]
USART_Cmd               0x0093be   0x27  Code  Gb  stm8l15x_usart.o [1]
USART_DeInit            0x009128   0x3e  Code  Gb  stm8l15x_usart.o [1]
USART_GetFlagStatus     0x00942d   0x22  Code  Gb  stm8l15x_usart.o [1]
USART_GetITStatus       0x0088b4   0xa9  Code  Gb  stm8l15x_usart.o [1]
USART_ITConfig          0x0089f4   0x94  Code  Gb  stm8l15x_usart.o [1]
USART_Init              0x00866a   0xce  Code  Gb  stm8l15x_usart.o [1]
USART_RX_BUF            0x000038   0x64  Data  Gb  stm8l15x_it.o [1]
USART_RX_STA            0x0000ee    0x2  Data  Gb  stm8l15x_it.o [1]
USART_ReceiveData8      0x0099e9    0x5  Code  Gb  stm8l15x_usart.o [1]
USART_SendData8         0x0099af    0x8  Code  Gb  stm8l15x_usart.o [1]
Usart1Init              0x009166   0x3a  Code  Gb  main.o [1]
WWDG_SetCounter         0x00999d    0xa  Code  Gb  stm8l15x_wwdg.o [1]
Wonebyte                0x008e65   0x4c  Code  Gb  tm1639.o [1]
_PrintfTiny             0x008311  0x197  Code  Gb  xprintftiny.o [4]
_Prout                  0x0095bf   0x1b  Code  Gb  xprout.o [4]
__DebugBreak            0x009a27    0x1  Code  Gb  __dbg_break.o [3]
__exit                  0x00985d   0x14  Code  Gb  __dbg_xxexit.o [3]
__iar_Stdout            0x000010   0x28  Data  Gb  xfiles.o [4]
__iar_copy_init2        0x009347         Code  Gb  init_small.o [4]
__iar_data_init2        0x00976f   0x17  Code  Gb  init.o [4]
__iar_program_start     0x009884         Code  Gb  cstartup.o [4]
__iar_unhandled_exception
                        0x009a08         Code  Gb  unhandled_exception.o [4]
__iar_zero_init2        0x0094e1         Code  Gb  init_small.o [4]
__intvec                0x008000         Data  Gb  interrupt.o [4]
__low_level_init        0x009a02    0x3  Code  Gb  low_level_init.o [4]
_exit                   0x0099ee         Code  Gb  cexit.o [4]
_interrupt_1            0x009a0f         Code  Gb  stm8l15x_it.o [1]
_interrupt_10           0x009a15         Code  Gb  stm8l15x_it.o [1]
_interrupt_11           0x009625         Code  Gb  stm8l15x_it.o [1]
_interrupt_12           0x009a16         Code  Gb  stm8l15x_it.o [1]
_interrupt_13           0x009a17         Code  Gb  stm8l15x_it.o [1]
_interrupt_14           0x009a18         Code  Gb  stm8l15x_it.o [1]
_interrupt_15           0x009a19         Code  Gb  stm8l15x_it.o [1]
_interrupt_16           0x009a1a         Code  Gb  stm8l15x_it.o [1]
_interrupt_17           0x009a1b         Code  Gb  stm8l15x_it.o [1]
_interrupt_18           0x009a1c         Code  Gb  stm8l15x_it.o [1]
_interrupt_19           0x009993         Code  Gb  stm8l15x_it.o [1]
_interrupt_20           0x009a1d         Code  Gb  stm8l15x_it.o [1]
_interrupt_21           0x00920f         Code  Gb  stm8l15x_it.o [1]
_interrupt_22           0x009a1e         Code  Gb  stm8l15x_it.o [1]
_interrupt_23           0x009a1f         Code  Gb  stm8l15x_it.o [1]
_interrupt_24           0x009a20         Code  Gb  stm8l15x_it.o [1]
_interrupt_25           0x009a21         Code  Gb  stm8l15x_it.o [1]
_interrupt_26           0x009a22         Code  Gb  stm8l15x_it.o [1]
_interrupt_27           0x009a23         Code  Gb  stm8l15x_it.o [1]
_interrupt_28           0x009a24         Code  Gb  stm8l15x_it.o [1]
_interrupt_29           0x009a25         Code  Gb  stm8l15x_it.o [1]
_interrupt_3            0x009a10         Code  Gb  stm8l15x_it.o [1]
_interrupt_30           0x00895d         Code  Gb  stm8l15x_it.o [1]
_interrupt_31           0x009a26         Code  Gb  stm8l15x_it.o [1]
_interrupt_4            0x009a11         Code  Gb  stm8l15x_it.o [1]
_interrupt_5            0x009a12         Code  Gb  stm8l15x_it.o [1]
_interrupt_6            0x0099fb         Code  Gb  stm8l15x_it.o [1]
_interrupt_7            0x0092f4         Code  Gb  stm8l15x_it.o [1]
_interrupt_8            0x009a13         Code  Gb  stm8l15x_it.o [1]
_interrupt_9            0x009a14         Code  Gb  stm8l15x_it.o [1]
delay                   0x009758   0x17  Code  Gb  ADPS9960.o [1]
delay_us                0x008592    0xf  Code  Lc  ADPS9960.o [1]
enableLightSensor       0x008e19   0x4c  Code  Gb  ADPS9960.o [1]
enablePower             0x0098bb   0x11  Code  Gb  ADPS9960.o [1]
enableProximitySensor   0x008ccd   0x57  Code  Gb  ADPS9960.o [1]
exit                    0x009a05    0x3  Code  Gb  exit.o [4]
fputc                   0x009482   0x20  Code  Gb  main.o [1]
getMode                 0x0096b6   0x18  Code  Gb  ADPS9960.o [1]
led_sta                 0x0000f2    0x1  Data  Gb  stm8l15x_it.o [1]
main                    0x008738   0xcd  Code  Gb  main.o [1]
obuf                    0x00009c   0x50  Data  Lc  xfiles.o [4]
out                     0x00926e   0x2e  Code  Lc  xprintftiny.o [4]
printf                  0x0094a2   0x20  Code  Gb  printf.o [4]
proximity_data          0x0000f0    0x1  Data  Gb  main.o [1]
proximity_data_count    0x0000f1    0x1  Data  Gb  main.o [1]
putchar                 0x0099b7    0x7  Code  Gb  putchar.o [4]
readProximity           0x0098ec   0x10  Code  Gb  ADPS9960.o [1]
setAmbientLightGain     0x0090a6   0x41  Code  Gb  ADPS9960.o [1]
setAmbientLightIntEnable
                        0x008f89   0x48  Code  Gb  ADPS9960.o [1]
setGestureEnterThresh   0x00991c   0x10  Code  Gb  ADPS9960.o [1]
setGestureExitThresh    0x00992c   0x10  Code  Gb  ADPS9960.o [1]
setGestureGain          0x008ef9   0x48  Code  Gb  ADPS9960.o [1]
setGestureIntEnable     0x009060   0x46  Code  Gb  ADPS9960.o [1]
setGestureLEDDrive      0x008f41   0x48  Code  Gb  ADPS9960.o [1]
setGestureWaitTime      0x0090e7   0x41  Code  Gb  ADPS9960.o [1]
setLEDDrive             0x008eb1   0x48  Code  Gb  ADPS9960.o [1]
setLightIntHighThreshold
                        0x0092c8   0x2c  Code  Gb  ADPS9960.o [1]
setLightIntLowThreshold
                        0x00929c   0x2c  Code  Gb  ADPS9960.o [1]
setMode                 0x008b11   0x74  Code  Gb  ADPS9960.o [1]
setProxIntHighThresh    0x00990c   0x10  Code  Gb  ADPS9960.o [1]
setProxIntLowThresh     0x0098fc   0x10  Code  Gb  ADPS9960.o [1]
setProximityGain        0x009019   0x47  Code  Gb  ADPS9960.o [1]
setProximityIntEnable   0x008fd1   0x48  Code  Gb  ADPS9960.o [1]
strlen                  0x0098a9   0x12  Code  Gb  strlen.o [4]
wireReadDataByte        0x008dcb   0x4e  Code  Gb  ADPS9960.o [1]
wireWriteDataByte       0x0091d8   0x37  Code  Gb  ADPS9960.o [1]


[1] = F:\201803_project\ftl_project_keil\APDS9960\APDS9960\APDS9960\adps9960iic\Debug\Obj
[2] = command line
[3] = dbgstm8smd.a
[4] = dlstm8smf.a

  5 715 bytes of readonly  code memory
    981 bytes of readonly  data memory
    499 bytes of readwrite data memory

Errors: none
Warnings: none
